Component: ARM Compiler 5.06 update 5 (build 528) Tool: armlink [4d35e2]

==============================================================================

Section Cross References

    main.o(i.Open_Periphericals) refers to gpio_11xx_2.o(i.Chip_GPIO_Init) for Chip_GPIO_Init
    main.o(i.Open_Periphericals) refers to main.o(i.Chip_IOCON_PinMuxSet) for Chip_IOCON_PinMuxSet
    main.o(i.Open_Periphericals) refers to uart_11xx.o(i.Chip_UART_Init) for Chip_UART_Init
    main.o(i.Open_Periphericals) refers to uart_11xx.o(i.Chip_UART_SetBaud) for Chip_UART_SetBaud
    main.o(i.Open_Periphericals) refers to adc_11xx.o(i.Chip_ADC_Init) for Chip_ADC_Init
    main.o(i.Open_Periphericals) refers to ssp_11xx.o(i.Chip_SSP_Init) for Chip_SSP_Init
    main.o(i.SD_TotalSize) refers to _printf_percent.o(.ARM.Collect$$_printf_percent$$00000000) for _printf_percent
    main.o(i.SD_TotalSize) refers to _printf_d.o(.ARM.Collect$$_printf_percent$$00000009) for _printf_d
    main.o(i.SD_TotalSize) refers to _printf_dec.o(.text) for _printf_int_dec
    main.o(i.SD_TotalSize) refers to ff.o(i.f_getfree) for f_getfree
    main.o(i.SD_TotalSize) refers to noretval__2printf.o(.text) for __2printf
    main.o(i.SD_TotalSize) refers to main.o(.data) for res
    main.o(i.main) refers to _printf_percent.o(.ARM.Collect$$_printf_percent$$00000000) for _printf_percent
    main.o(i.main) refers to _printf_u.o(.ARM.Collect$$_printf_percent$$0000000A) for _printf_u
    main.o(i.main) refers to _printf_dec.o(.text) for _printf_int_dec
    main.o(i.main) refers to chip_11xx.o(i.SystemCoreClockUpdate) for SystemCoreClockUpdate
    main.o(i.main) refers to main.o(i.Open_Periphericals) for Open_Periphericals
    main.o(i.main) refers to main.o(i.Chip_GPIO_ReadPortBit) for Chip_GPIO_ReadPortBit
    main.o(i.main) refers to noretval__2printf.o(.text) for __2printf
    main.o(i.main) refers to main.o(i.__delay_ms) for __delay_ms
    main.o(i.main) refers to ff.o(i.f_mount) for f_mount
    main.o(i.main) refers to ff.o(i.f_open) for f_open
    main.o(i.main) refers to adc_11xx.o(i.Chip_ADC_EnableChannel) for Chip_ADC_EnableChannel
    main.o(i.main) refers to adc_11xx.o(i.Chip_ADC_SetStartMode) for Chip_ADC_SetStartMode
    main.o(i.main) refers to adc_11xx.o(i.Chip_ADC_ReadStatus) for Chip_ADC_ReadStatus
    main.o(i.main) refers to adc_11xx.o(i.Chip_ADC_ReadValue) for Chip_ADC_ReadValue
    main.o(i.main) refers to noretval__2sprintf.o(.text) for __2sprintf
    main.o(i.main) refers to strlen.o(.text) for strlen
    main.o(i.main) refers to ff.o(i.f_write) for f_write
    main.o(i.main) refers to ff.o(i.f_close) for f_close
    main.o(i.main) refers to main.o(i.SD_TotalSize) for SD_TotalSize
    main.o(i.main) refers to main.o(.bss) for fs
    main.o(i.main) refers to main.o(.data) for res
    keil_startup_lpc11xx.o(STACK) refers (Special) to heapauxi.o(.text) for __use_two_region_memory
    keil_startup_lpc11xx.o(HEAP) refers (Special) to heapauxi.o(.text) for __use_two_region_memory
    keil_startup_lpc11xx.o(RESET) refers (Special) to heapauxi.o(.text) for __use_two_region_memory
    keil_startup_lpc11xx.o(RESET) refers to keil_startup_lpc11xx.o(STACK) for __initial_sp
    keil_startup_lpc11xx.o(RESET) refers to keil_startup_lpc11xx.o(.text) for Reset_Handler
    keil_startup_lpc11xx.o(.ARM.__at_0x02FC) refers (Special) to heapauxi.o(.text) for __use_two_region_memory
    keil_startup_lpc11xx.o(.text) refers (Special) to heapauxi.o(.text) for __use_two_region_memory
    keil_startup_lpc11xx.o(.text) refers to sysinit.o(i.SystemInit) for SystemInit
    keil_startup_lpc11xx.o(.text) refers to __main.o(!!!main) for __main
    keil_startup_lpc11xx.o(.text) refers to keil_startup_lpc11xx.o(HEAP) for Heap_Mem
    keil_startup_lpc11xx.o(.text) refers to keil_startup_lpc11xx.o(STACK) for Stack_Mem
    sysinit.o(i.SystemInit) refers to sysinit_11xx.o(i.Chip_SystemInit) for Chip_SystemInit
    ring_buffer.o(i.RingBuffer_Insert) refers to ring_buffer.o(i.RingBuffer_IsFull) for RingBuffer_IsFull
    ring_buffer.o(i.RingBuffer_Insert) refers to rt_memcpy.o(.text) for __aeabi_memcpy
    ring_buffer.o(i.RingBuffer_InsertMult) refers to ring_buffer.o(i.RingBuffer_IsFull) for RingBuffer_IsFull
    ring_buffer.o(i.RingBuffer_InsertMult) refers to ring_buffer.o(i.RingBuffer_GetCount) for RingBuffer_GetCount
    ring_buffer.o(i.RingBuffer_InsertMult) refers to rt_memcpy.o(.text) for __aeabi_memcpy
    ring_buffer.o(i.RingBuffer_IsFull) refers to ring_buffer.o(i.RingBuffer_GetCount) for RingBuffer_GetCount
    ring_buffer.o(i.RingBuffer_Pop) refers to ring_buffer.o(i.RingBuffer_IsEmpty) for RingBuffer_IsEmpty
    ring_buffer.o(i.RingBuffer_Pop) refers to rt_memcpy.o(.text) for __aeabi_memcpy
    ring_buffer.o(i.RingBuffer_PopMult) refers to ring_buffer.o(i.RingBuffer_IsEmpty) for RingBuffer_IsEmpty
    ring_buffer.o(i.RingBuffer_PopMult) refers to ring_buffer.o(i.RingBuffer_GetCount) for RingBuffer_GetCount
[...]
    ../clib/armsys.c                         0x00000000   Number         0  no_argv.o ABSOLUTE
    ../clib/armsys.c                         0x00000000   Number         0  _get_argv_nomalloc.o ABSOLUTE
    ../clib/armsys.c                         0x00000000   Number         0  argv_veneer.o ABSOLUTE
    ../clib/division.c                       0x00000000   Number         0  rtudiv10.o ABSOLUTE
    ../clib/division.s                       0x00000000   Number         0  aeabi_sdiv.o ABSOLUTE
    ../clib/division.s                       0x00000000   Number         0  aeabi_sdiv_div0.o ABSOLUTE
    ../clib/heapalloc.c                      0x00000000   Number         0  hrguard.o ABSOLUTE
    ../clib/heapaux.c                        0x00000000   Number         0  heapauxi.o ABSOLUTE
    ../clib/libinit.s                        0x00000000   Number         0  libinit.o ABSOLUTE
    ../clib/libinit.s                        0x00000000   Number         0  libshutdown2.o ABSOLUTE
    ../clib/libinit.s                        0x00000000   Number         0  libshutdown.o ABSOLUTE
    ../clib/libinit.s                        0x00000000   Number         0  libinit2.o ABSOLUTE
    ../clib/memcpset.c                       0x00000000   Number         0  rt_memcpy.o ABSOLUTE
    ../clib/memcpset.c                       0x00000000   Number         0  rt_memcpy.o ABSOLUTE
    ../clib/memcpset.c                       0x00000000   Number         0  rt_memclr.o ABSOLUTE
    ../clib/misc.s                           0x00000000   Number         0  printf_stubs.o ABSOLUTE
    ../clib/printf.c                         0x00000000   Number         0  _printf_hex_int_ll.o ABSOLUTE
    ../clib/printf.c                         0x00000000   Number         0  _printf_char_file.o ABSOLUTE
    ../clib/printf.c                         0x00000000   Number         0  _sputc.o ABSOLUTE
    ../clib/printf.c                         0x00000000   Number         0  _printf_char_common.o ABSOLUTE
    ../clib/printf.c                         0x00000000   Number         0  _printf_intcommon.o ABSOLUTE
    ../clib/printf.c                         0x00000000   Number         0  _printf_hex_int.o ABSOLUTE
    ../clib/printf.c                         0x00000000   Number         0  _printf_hex_ll.o ABSOLUTE
    ../clib/printf.c                         0x00000000   Number         0  _printf_dec.o ABSOLUTE
    ../clib/printf.c                         0x00000000   Number         0  _printf_pad.o ABSOLUTE
    ../clib/printf.c                         0x00000000   Number         0  __printf.o ABSOLUTE
    ../clib/printf.c                         0x00000000   Number         0  noretval__2printf.o ABSOLUTE
    ../clib/printf.c                         0x00000000   Number         0  __2sprintf.o ABSOLUTE
    ../clib/printf.c                         0x00000000   Number         0  __2printf.o ABSOLUTE
    ../clib/printf.c                         0x00000000   Number         0  __printf_wp.o ABSOLUTE
    ../clib/printf.c                         0x00000000   Number         0  noretval__2sprintf.o ABSOLUTE
    ../clib/printf.c                         0x00000000   Number         0  __printf_nopercent.o ABSOLUTE
    ../clib/printf.c                         0x00000000   Number         0  __printf_flags_ss_wp.o ABSOLUTE
    ../clib/printf.c                         0x00000000   Number         0  __printf_ss_wp.o ABSOLUTE
    ../clib/printf.c                         0x00000000   Number         0  __printf_flags_wp.o ABSOLUTE
    ../clib/printf.c                         0x00000000   Number         0  __printf_flags_ss.o ABSOLUTE
    ../clib/printf.c                         0x00000000   Number         0  __printf_ss.o ABSOLUTE
    ../clib/printf.c                         0x00000000   Number         0  __printf_flags.o ABSOLUTE
    ../clib/printf.c                         0x00000000   Number         0  _printf_hex_int_ll_ptr.o ABSOLUTE
    ../clib/printf.c                         0x00000000   Number         0  _printf_hex_ll_ptr.o ABSOLUTE
    ../clib/printf.c                         0x00000000   Number         0  _printf_hex_int_ptr.o ABSOLUTE
    ../clib/printf.c                         0x00000000   Number         0  _printf_hex_ptr.o ABSOLUTE
    ../clib/printf_percent.s                 0x00000000   Number         0  _printf_d.o ABSOLUTE
    ../clib/printf_percent.s                 0x00000000   Number         0  _printf_x.o ABSOLUTE
    ../clib/printf_percent.s                 0x00000000   Number         0  _printf_percent.o ABSOLUTE
    ../clib/printf_percent.s                 0x00000000   Number         0  _printf_u.o ABSOLUTE
    ../clib/printf_percent.s                 0x00000000   Number         0  _printf_percent_end.o ABSOLUTE
    ../clib/signal.c                         0x00000000   Number         0  defsig_general.o ABSOLUTE
    ../clib/signal.c                         0x00000000   Number         0  defsig_rtred_inner.o ABSOLUTE
    ../clib/signal.c                         0x00000000   Number         0  defsig_abrt_inner.o ABSOLUTE
    ../clib/signal.c                         0x00000000   Number         0  defsig_fpe_outer.o ABSOLUTE
    ../clib/signal.c                         0x00000000   Number         0  defsig_fpe_formal.o ABSOLUTE
    ../clib/signal.c                         0x00000000   Number         0  defsig_exit.o ABSOLUTE
    ../clib/signal.c                         0x00000000   Number         0  defsig_other.o ABSOLUTE
    ../clib/signal.c                         0x00000000   Number         0  defsig_segv_inner.o ABSOLUTE
    ../clib/signal.c                         0x00000000   Number         0  defsig_cppl_inner.o ABSOLUTE
    ../clib/signal.c                         0x00000000   Number         0  defsig_pvfn_inner.o ABSOLUTE
    ../clib/signal.c                         0x00000000   Number         0  defsig_stak_inner.o ABSOLUTE
    ../clib/signal.c                         0x00000000   Number         0  defsig_rtmem_formal.o ABSOLUTE
    ../clib/signal.c                         0x00000000   Number         0  defsig_fpe_inner.o ABSOLUTE
    ../clib/signal.c                         0x00000000   Number         0  defsig_rtmem_outer.o ABSOLUTE
    ../clib/signal.c                         0x00000000   Number         0  defsig_rtmem_inner.o ABSOLUTE
    ../clib/signal.c                         0x00000000   Number         0  __raise.o ABSOLUTE
    ../clib/signal.s                         0x00000000   Number         0  defsig.o ABSOLUTE
    ../clib/stdlib.c                         0x00000000   Number         0  exit.o ABSOLUTE
    ../clib/string.c                         0x00000000   Number         0  strlen.o ABSOLUTE
    ../fplib/cfplib/fpinit.c                 0x00000000   Number         0  fpinit.o ABSOLUTE
    ..\..\lpcopen_v2_00a_keil_iar_nxp_lpcxpresso_11c24\applications\lpc11xx\startup_code\keil_startup_lpc11xx.s 0x00000000   Number         0  keil_startup_lpc11xx.o ABSOLUTE
    ..\..\lpcopen_v2_00a_keil_iar_nxp_lpcxpresso_11c24\applications\lpc11xx\startup_code\sysinit.c 0x00000000   Number         0  sysinit.o ABSOLUTE
    ..\..\lpcopen_v2_00a_keil_iar_nxp_lpcxpresso_11c24\software\lpc_core\lpc_chip\chip_11xx\Retarget.c 0x00000000   Number         0  retarget.o ABSOLUTE
    ..\..\lpcopen_v2_00a_keil_iar_nxp_lpcxpresso_11c24\software\lpc_core\lpc_chip\chip_11xx\acmp_11xx.c 0x00000000   Number         0  acmp_11xx.o ABSOLUTE
    ..\..\lpcopen_v2_00a_keil_iar_nxp_lpcxpresso_11c24\software\lpc_core\lpc_chip\chip_11xx\adc_1125.c 0x00000000   Number         0  adc_1125.o ABSOLUTE
    ..\..\lpcopen_v2_00a_keil_iar_nxp_lpcxpresso_11c24\software\lpc_core\lpc_chip\chip_11xx\adc_11xx.c 0x00000000   Number         0  adc_11xx.o ABSOLUTE
    ..\..\lpcopen_v2_00a_keil_iar_nxp_lpcxpresso_11c24\software\lpc_core\lpc_chip\chip_11xx\chip_11xx.c 0x00000000   Number         0  chip_11xx.o ABSOLUTE
    ..\..\lpcopen_v2_00a_keil_iar_nxp_lpcxpresso_11c24\software\lpc_core\lpc_chip\chip_11xx\clock_11xx.c 0x00000000   Number         0  clock_11xx.o ABSOLUTE
    ..\..\lpcopen_v2_00a_keil_iar_nxp_lpcxpresso_11c24\software\lpc_core\lpc_chip\chip_11xx\dac_11xx.c 0x00000000   Number         0  dac_11xx.o ABSOLUTE
    ..\..\lpcopen_v2_00a_keil_iar_nxp_lpcxpresso_11c24\software\lpc_core\lpc_chip\chip_11xx\gpio_11xx_1.c 0x00000000   Number         0  gpio_11xx_1.o ABSOLUTE
    ..\..\lpcopen_v2_00a_keil_iar_nxp_lpcxpresso_11c24\software\lpc_core\lpc_chip\chip_11xx\gpio_11xx_2.c 0x00000000   Number         0  gpio_11xx_2.o ABSOLUTE
    ..\..\lpcopen_v2_00a_keil_iar_nxp_lpcxpresso_11c24\software\lpc_core\lpc_chip\chip_11xx\gpiogroup_11xx.c 0x00000000   Number         0  gpiogroup_11xx.o ABSOLUTE
    ..\..\lpcopen_v2_00a_keil_iar_nxp_lpcxpresso_11c24\software\lpc_core\lpc_chip\chip_11xx\i2c_11xx.c 0x00000000   Number         0  i2c_11xx.o ABSOLUTE
    ..\..\lpcopen_v2_00a_keil_iar_nxp_lpcxpresso_11c24\software\lpc_core\lpc_chip\chip_11xx\iocon_11xx.c 0x00000000   Number         0  iocon_11xx.o ABSOLUTE
    ..\..\lpcopen_v2_00a_keil_iar_nxp_lpcxpresso_11c24\software\lpc_core\lpc_chip\chip_11xx\pinint_11xx.c 0x00000000   Number         0  pinint_11xx.o ABSOLUTE
    ..\..\lpcopen_v2_00a_keil_iar_nxp_lpcxpresso_11c24\software\lpc_core\lpc_chip\chip_11xx\pmu_11xx.c 0x00000000   Number         0  pmu_11xx.o ABSOLUTE
    ..\..\lpcopen_v2_00a_keil_iar_nxp_lpcxpresso_11c24\software\lpc_core\lpc_chip\chip_11xx\ssp_11xx.c 0x00000000   Number         0  ssp_11xx.o ABSOLUTE
    ..\..\lpcopen_v2_00a_keil_iar_nxp_lpcxpresso_11c24\software\lpc_core\lpc_chip\chip_11xx\sysctl_11xx.c 0x00000000   Number         0  sysctl_11xx.o ABSOLUTE
    ..\..\lpcopen_v2_00a_keil_iar_nxp_lpcxpresso_11c24\software\lpc_core\lpc_chip\chip_11xx\sysinit_11xx.c 0x00000000   Number         0  sysinit_11xx.o ABSOLUTE
    ..\..\lpcopen_v2_00a_keil_iar_nxp_lpcxpresso_11c24\software\lpc_core\lpc_chip\chip_11xx\timer_11xx.c 0x00000000   Number         0  timer_11xx.o ABSOLUTE
    ..\..\lpcopen_v2_00a_keil_iar_nxp_lpcxpresso_11c24\software\lpc_core\lpc_chip\chip_11xx\uart_11xx.c 0x00000000   Number         0  uart_11xx.o ABSOLUTE
    ..\..\lpcopen_v2_00a_keil_iar_nxp_lpcxpresso_11c24\software\lpc_core\lpc_chip\chip_11xx\wwdt_11xx.c 0x00000000   Number         0  wwdt_11xx.o ABSOLUTE
    ..\..\lpcopen_v2_00a_keil_iar_nxp_lpcxpresso_11c24\software\lpc_core\lpc_chip\chip_common\fpu_init.c 0x00000000   Number         0  fpu_init.o ABSOLUTE
    ..\..\lpcopen_v2_00a_keil_iar_nxp_lpcxpresso_11c24\software\lpc_core\lpc_chip\chip_common\ring_buffer.c 0x00000000   Number         0  ring_buffer.o ABSOLUTE
    ..\\..\\lpcopen_v2_00a_keil_iar_nxp_lpcxpresso_11c24\\applications\\lpc11xx\\startup_code\\sysinit.c 0x00000000   Number         0  sysinit.o ABSOLUTE
    ..\\..\\lpcopen_v2_00a_keil_iar_nxp_lpcxpresso_11c24\\software\\lpc_core\\lpc_chip\\chip_11xx\\Retarget.c 0x00000000   Number         0  retarget.o ABSOLUTE
    ..\\..\\lpcopen_v2_00a_keil_iar_nxp_lpcxpresso_11c24\\software\\lpc_core\\lpc_chip\\chip_11xx\\acmp_11xx.c 0x00000000   Number         0  acmp_11xx.o ABSOLUTE
    ..\\..\\lpcopen_v2_00a_keil_iar_nxp_lpcxpresso_11c24\\software\\lpc_core\\lpc_chip\\chip_11xx\\adc_1125.c 0x00000000   Number         0  adc_1125.o ABSOLUTE
    ..\\..\\lpcopen_v2_00a_keil_iar_nxp_lpcxpresso_11c24\\software\\lpc_core\\lpc_chip\\chip_11xx\\adc_11xx.c 0x00000000   Number         0  adc_11xx.o ABSOLUTE
    ..\\..\\lpcopen_v2_00a_keil_iar_nxp_lpcxpresso_11c24\\software\\lpc_core\\lpc_chip\\chip_11xx\\chip_11xx.c 0x00000000   Number         0  chip_11xx.o ABSOLUTE
    ..\\..\\lpcopen_v2_00a_keil_iar_nxp_lpcxpresso_11c24\\software\\lpc_core\\lpc_chip\\chip_11xx\\clock_11xx.c 0x00000000   Number         0  clock_11xx.o ABSOLUTE
    ..\\..\\lpcopen_v2_00a_keil_iar_nxp_lpcxpresso_11c24\\software\\lpc_core\\lpc_chip\\chip_11xx\\dac_11xx.c 0x00000000   Number         0  dac_11xx.o ABSOLUTE
    ..\\..\\lpcopen_v2_00a_keil_iar_nxp_lpcxpresso_11c24\\software\\lpc_core\\lpc_chip\\chip_11xx\\gpio_11xx_1.c 0x00000000   Number         0  gpio_11xx_1.o ABSOLUTE
    ..\\..\\lpcopen_v2_00a_keil_iar_nxp_lpcxpresso_11c24\\software\\lpc_core\\lpc_chip\\chip_11xx\\gpio_11xx_2.c 0x00000000   Number         0  gpio_11xx_2.o ABSOLUTE
    ..\\..\\lpcopen_v2_00a_keil_iar_nxp_lpcxpresso_11c24\\software\\lpc_core\\lpc_chip\\chip_11xx\\gpiogroup_11xx.c 0x00000000   Number         0  gpiogroup_11xx.o ABSOLUTE
    ..\\..\\lpcopen_v2_00a_keil_iar_nxp_lpcxpresso_11c24\\software\\lpc_core\\lpc_chip\\chip_11xx\\i2c_11xx.c 0x00000000   Number         0  i2c_11xx.o ABSOLUTE
    ..\\..\\lpcopen_v2_00a_keil_iar_nxp_lpcxpresso_11c24\\software\\lpc_core\\lpc_chip\\chip_11xx\\iocon_11xx.c 0x00000000   Number         0  iocon_11xx.o ABSOLUTE
    ..\\..\\lpcopen_v2_00a_keil_iar_nxp_lpcxpresso_11c24\\software\\lpc_core\\lpc_chip\\chip_11xx\\pinint_11xx.c 0x00000000   Number         0  pinint_11xx.o ABSOLUTE
    ..\\..\\lpcopen_v2_00a_keil_iar_nxp_lpcxpresso_11c24\\software\\lpc_core\\lpc_chip\\chip_11xx\\pmu_11xx.c 0x00000000   Number         0  pmu_11xx.o ABSOLUTE
    ..\\..\\lpcopen_v2_00a_keil_iar_nxp_lpcxpresso_11c24\\software\\lpc_core\\lpc_chip\\chip_11xx\\ssp_11xx.c 0x00000000   Number         0  ssp_11xx.o ABSOLUTE
    ..\\..\\lpcopen_v2_00a_keil_iar_nxp_lpcxpresso_11c24\\software\\lpc_core\\lpc_chip\\chip_11xx\\sysctl_11xx.c 0x00000000   Number         0  sysctl_11xx.o ABSOLUTE
    ..\\..\\lpcopen_v2_00a_keil_iar_nxp_lpcxpresso_11c24\\software\\lpc_core\\lpc_chip\\chip_11xx\\sysinit_11xx.c 0x00000000   Number         0  sysinit_11xx.o ABSOLUTE
    ..\\..\\lpcopen_v2_00a_keil_iar_nxp_lpcxpresso_11c24\\software\\lpc_core\\lpc_chip\\chip_11xx\\timer_11xx.c 0x00000000   Number         0  timer_11xx.o ABSOLUTE
    ..\\..\\lpcopen_v2_00a_keil_iar_nxp_lpcxpresso_11c24\\software\\lpc_core\\lpc_chip\\chip_11xx\\uart_11xx.c 0x00000000   Number         0  uart_11xx.o ABSOLUTE
    ..\\..\\lpcopen_v2_00a_keil_iar_nxp_lpcxpresso_11c24\\software\\lpc_core\\lpc_chip\\chip_11xx\\wwdt_11xx.c 0x00000000   Number         0  wwdt_11xx.o ABSOLUTE
    SPI_SD_Card\SPI_MSD_Driver.c             0x00000000   Number         0  spi_msd_driver.o ABSOLUTE
    SPI_SD_Card\\SPI_MSD_Driver.c            0x00000000   Number         0  spi_msd_driver.o ABSOLUTE
    dc.s                                     0x00000000   Number         0  dc.o ABSOLUTE
    ff13\\source\\diskio.c                   0x00000000   Number         0  diskio.o ABSOLUTE
    ff13\\source\\ff.c                       0x00000000   Number         0  ff.o ABSOLUTE
    ff13\\source\\ffsystem.c                 0x00000000   Number         0  ffsystem.o ABSOLUTE
    ff13\\source\\ffunicode.c                0x00000000   Number         0  ffunicode.o ABSOLUTE
    ff13\source\diskio.c                     0x00000000   Number         0  diskio.o ABSOLUTE
    ff13\source\ff.c                         0x00000000   Number         0  ff.o ABSOLUTE
    ff13\source\ffsystem.c                   0x00000000   Number         0  ffsystem.o ABSOLUTE
    ff13\source\ffunicode.c                  0x00000000   Number         0  ffunicode.o ABSOLUTE
    main.c                                   0x00000000   Number         0  main.o ABSOLUTE
    main.c                                   0x00000000   Number         0  main.o ABSOLUTE
    !!!main                                  0x000000c0   Section        8  __main.o(!!!main)
    !!!scatter                               0x000000c8   Section       60  __scatter.o(!!!scatter)
    !!handler_zi                             0x00000104   Section       28  __scatter_zi.o(!!handler_zi)
    .ARM.Collect$$_printf_percent$$00000000  0x00000120   Section        2  _printf_percent.o(.ARM.Collect$$_printf_percent$$00000000)
    .ARM.Collect$$_printf_percent$$00000009  0x00000122   Section       10  _printf_d.o(.ARM.Collect$$_printf_percent$$00000009)
    .ARM.Collect$$_printf_percent$$0000000A  0x0000012c   Section       10  _printf_u.o(.ARM.Collect$$_printf_percent$$0000000A)
    .ARM.Collect$$_printf_percent$$0000000C  0x00000136   Section       10  _printf_x.o(.ARM.Collect$$_printf_percent$$0000000C)
    .ARM.Collect$$_printf_percent$$00000017  0x00000140   Section        4  _printf_percent_end.o(.ARM.Collect$$_printf_percent$$00000017)
    .ARM.Collect$$libinit$$00000000          0x00000144   Section        2  libinit.o(.ARM.Collect$$libinit$$00000000)
    .ARM.Collect$$libinit$$00000002          0x00000146   Section        0  libinit2.o(.ARM.Collect$$libinit$$00000002)
    .ARM.Collect$$libinit$$00000004          0x00000146   Section        0  libinit2.o(.ARM.Collect$$libinit$$00000004)
    .ARM.Collect$$libinit$$0000000A          0x00000146   Section        0  libinit2.o(.ARM.Collect$$libinit$$0000000A)
    .ARM.Collect$$libinit$$0000000C          0x00000146   Section        0  libinit2.o(.ARM.Collect$$libinit$$0000000C)
    .ARM.Collect$$libinit$$0000000E          0x00000146   Section        0  libinit2.o(.ARM.Collect$$libinit$$0000000E)
    .ARM.Collect$$libinit$$00000011          0x00000146   Section        0  libinit2.o(.ARM.Collect$$libinit$$00000011)
    .ARM.Collect$$libinit$$00000013          0x00000146   Section        0  libinit2.o(.ARM.Collect$$libinit$$00000013)
    .ARM.Collect$$libinit$$00000015          0x00000146   Section        0  libinit2.o(.ARM.Collect$$libinit$$00000015)
    .ARM.Collect$$libinit$$00000017          0x00000146   Section        0  libinit2.o(.ARM.Collect$$libinit$$00000017)
    .ARM.Collect$$libinit$$00000019          0x00000146   Section        0  libinit2.o(.ARM.Collect$$libinit$$00000019)
    .ARM.Collect$$libinit$$0000001B          0x00000146   Section        0  libinit2.o(.ARM.Collect$$libinit$$0000001B)
    .ARM.Collect$$libinit$$0000001D          0x00000146   Section        0  libinit2.o(.ARM.Collect$$libinit$$0000001D)
    .ARM.Collect$$libinit$$0000001F          0x00000146   Section        0  libinit2.o(.ARM.Collect$$libinit$$0000001F)
    .ARM.Collect$$libinit$$00000021          0x00000146   Section        0  libinit2.o(.ARM.Collect$$libinit$$00000021)
    .ARM.Collect$$libinit$$00000023          0x00000146   Section        0  libinit2.o(.ARM.Collect$$libinit$$00000023)
    .ARM.Collect$$libinit$$00000025          0x00000146   Section        0  libinit2.o(.ARM.Collect$$libinit$$00000025)
    .ARM.Collect$$libinit$$0000002C          0x00000146   Section        0  libinit2.o(.ARM.Collect$$libinit$$0000002C)
    .ARM.Collect$$libinit$$0000002E          0x00000146   Section        0  libinit2.o(.ARM.Collect$$libinit$$0000002E)
    .ARM.Collect$$libinit$$00000030          0x00000146   Section        0  libinit2.o(.ARM.Collect$$libinit$$00000030)
    .ARM.Collect$$libinit$$00000032          0x00000146   Section        0  libinit2.o(.ARM.Collect$$libinit$$00000032)
    .ARM.Collect$$libinit$$00000033          0x00000146   Section        2  libinit2.o(.ARM.Collect$$libinit$$00000033)
    .ARM.Collect$$libshutdown$$00000000      0x00000148   Section        2  libshutdown.o(.ARM.Collect$$libshutdown$$00000000)
    .ARM.Collect$$libshutdown$$00000002      0x0000014a   Section        0  libshutdown2.o(.ARM.Collect$$libshutdown$$00000002)
    .ARM.Collect$$libshutdown$$00000004      0x0000014a   Section        0  libshutdown2.o(.ARM.Collect$$libshutdown$$00000004)
    .ARM.Collect$$libshutdown$$00000007      0x0000014a   Section        0  libshutdown2.o(.ARM.Collect$$libshutdown$$00000007)
    .ARM.Collect$$libshutdown$$0000000A      0x0000014a   Section        0  libshutdown2.o(.ARM.Collect$$libshutdown$$0000000A)
    .ARM.Collect$$libshutdown$$0000000C      0x0000014a   Section        0  libshutdown2.o(.ARM.Collect$$libshutdown$$0000000C)
    .ARM.Collect$$libshutdown$$0000000F      0x0000014a   Section        0  libshutdown2.o(.ARM.Collect$$libshutdown$$0000000F)
    .ARM.Collect$$libshutdown$$00000010      0x0000014a   Section        2  libshutdown2.o(.ARM.Collect$$libshutdown$$00000010)
    .ARM.Collect$$rtentry$$00000000          0x0000014c   Section        0  __rtentry.o(.ARM.Collect$$rtentry$$00000000)
    .ARM.Collect$$rtentry$$00000002          0x0000014c   Section        0  __rtentry2.o(.ARM.Collect$$rtentry$$00000002)
    .ARM.Collect$$rtentry$$00000004          0x0000014c   Section        6  __rtentry4.o(.ARM.Collect$$rtentry$$00000004)
    .ARM.Collect$$rtentry$$00000009          0x00000152   Section        0  __rtentry2.o(.ARM.Collect$$rtentry$$00000009)
    .ARM.Collect$$rtentry$$0000000A          0x00000152   Section        4  __rtentry2.o(.ARM.Collect$$rtentry$$0000000A)
    .ARM.Collect$$rtentry$$0000000C          0x00000156   Section        0  __rtentry2.o(.ARM.Collect$$rtentry$$0000000C)
    .ARM.Collect$$rtentry$$0000000D          0x00000156   Section        8  __rtentry2.o(.ARM.Collect$$rtentry$$0000000D)
    .ARM.Collect$$rtexit$$00000000           0x0000015e   Section        2  rtexit.o(.ARM.Collect$$rtexit$$00000000)
    .ARM.Collect$$rtexit$$00000002           0x00000160   Section        0  rtexit2.o(.ARM.Collect$$rtexit$$00000002)
    .ARM.Collect$$rtexit$$00000003           0x00000160   Section        4  rtexit2.o(.ARM.Collect$$rtexit$$00000003)
    .ARM.Collect$$rtexit$$00000004           0x00000164   Section        6  rtexit2.o(.ARM.Collect$$rtexit$$00000004)
    .text                                    0x0000016c   Section       68  keil_startup_lpc11xx.o(.text)
    .text                                    0x000001b0   Section        2  use_no_semi.o(.text)
    .text                                    0x000001b4   Section        0  noretval__2printf.o(.text)
    .text                                    0x000001d0   Section        0  noretval__2sprintf.o(.text)
    .text                                    0x000001f8   Section        0  _printf_pad.o(.text)
    .text                                    0x00000248   Section        0  _printf_dec.o(.text)
    .text                                    0x000002b4   Section        0  strlen.o(.text)
    i.Chip_UART_SendByte                     0x000002f8   Section        0  uart_11xx.o(i.Chip_UART_SendByte)
    Chip_UART_SendByte                       0x000002f9   Thumb Code     4  uart_11xx.o(i.Chip_UART_SendByte)
    .ARM.__at_0x02FC                         0x000002fc   Section        4  keil_startup_lpc11xx.o(.ARM.__at_0x02FC)
    .text                                    0x00000300   Section        0  _printf_hex_int.o(.text)
    .text                                    0x00000358   Section        0  __printf_flags_wp.o(.text)
    .text                                    0x00000490   Section      346  aeabi_sdiv.o(.text)
    .text                                    0x000005ea   Section        0  heapauxi.o(.text)
    .text                                    0x000005f0   Section        0  _printf_intcommon.o(.text)
    .text                                    0x000006a0   Section        0  _printf_char_common.o(.text)
    _printf_input_char                       0x000006a1   Thumb Code    10  _printf_char_common.o(.text)
    .text                                    0x000006d0   Section        0  _sputc.o(.text)
    .text                                    0x000006dc   Section        0  _printf_char_file.o(.text)
    .text                                    0x00000704   Section        0  rtudiv10.o(.text)
    .text                                    0x0000072c   Section       62  sys_stackheap_outer.o(.text)
    .text                                    0x0000076a   Section        0  exit.o(.text)
    .text                                    0x0000077c   Section        8  libspace.o(.text)
    .text                                    0x00000784   Section        0  __dczerorl.o(.text)
    i.Chip_ADC_EnableChannel                 0x000007be   Section        0  adc_11xx.o(i.Chip_ADC_EnableChannel)
    i.Chip_ADC_Init                          0x000007e8   Section        0  adc_11xx.o(i.Chip_ADC_Init)
    i.Chip_ADC_ReadStatus                    0x00000848   Section        0  adc_11xx.o(i.Chip_ADC_ReadStatus)
    i.Chip_ADC_ReadValue                     0x000008a0   Section        0  adc_11xx.o(i.Chip_ADC_ReadValue)
    i.Chip_ADC_SetStartMode                  0x000008b4   Section        0  adc_11xx.o(i.Chip_ADC_SetStartMode)
    i.Chip_Clock_GetMainClockRate            0x000008e8   Section        0  clock_11xx.o(i.Chip_Clock_GetMainClockRate)
    i.Chip_Clock_GetPLLFreq                  0x00000934   Section        0  clock_11xx.o(i.Chip_Clock_GetPLLFreq)
    Chip_Clock_GetPLLFreq                    0x00000935   Thumb Code    14  clock_11xx.o(i.Chip_Clock_GetPLLFreq)
    i.Chip_Clock_GetSystemClockRate          0x00000944   Section        0  clock_11xx.o(i.Chip_Clock_GetSystemClockRate)
    i.Chip_Clock_GetSystemPLLInClockRate     0x0000095c   Section        0  clock_11xx.o(i.Chip_Clock_GetSystemPLLInClockRate)
    i.Chip_Clock_GetSystemPLLOutClockRate    0x00000994   Section        0  clock_11xx.o(i.Chip_Clock_GetSystemPLLOutClockRate)
    i.Chip_Clock_GetWDTLFORate               0x000009ac   Section        0  clock_11xx.o(i.Chip_Clock_GetWDTLFORate)
    Chip_Clock_GetWDTLFORate                 0x000009ad   Thumb Code    28  clock_11xx.o(i.Chip_Clock_GetWDTLFORate)
    i.Chip_Clock_GetWDTOSCRate               0x000009cc   Section        0  clock_11xx.o(i.Chip_Clock_GetWDTOSCRate)
    i.Chip_Clock_SetMainClockSource          0x000009dc   Section        0  clock_11xx.o(i.Chip_Clock_SetMainClockSource)
    i.Chip_Clock_SetSystemPLLSource          0x000009f0   Section        0  clock_11xx.o(i.Chip_Clock_SetSystemPLLSource)
    i.Chip_GPIO_Init                         0x00000a04   Section        0  gpio_11xx_2.o(i.Chip_GPIO_Init)
    i.Chip_GPIO_ReadPortBit                  0x00000a20   Section        0  main.o(i.Chip_GPIO_ReadPortBit)
    Chip_GPIO_ReadPortBit                    0x00000a21   Thumb Code    24  main.o(i.Chip_GPIO_ReadPortBit)
    i.Chip_GPIO_SetPinOutHigh                0x00000a38   Section        0  spi_msd_driver.o(i.Chip_GPIO_SetPinOutHigh)
    Chip_GPIO_SetPinOutHigh                  0x00000a39   Thumb Code    20  spi_msd_driver.o(i.Chip_GPIO_SetPinOutHigh)
    i.Chip_GPIO_SetPinOutLow                 0x00000a4c   Section        0  spi_msd_driver.o(i.Chip_GPIO_SetPinOutLow)
    Chip_GPIO_SetPinOutLow                   0x00000a4d   Thumb Code    18  spi_msd_driver.o(i.Chip_GPIO_SetPinOutLow)
    i.Chip_IOCON_PinMuxSet                   0x00000a5e   Section        0  main.o(i.Chip_IOCON_PinMuxSet)
    Chip_IOCON_PinMuxSet                     0x00000a5f   Thumb Code     6  main.o(i.Chip_IOCON_PinMuxSet)
    i.Chip_SSP_GetClockIndex                 0x00000a64   Section        0  ssp_11xx.o(i.Chip_SSP_GetClockIndex)
    Chip_SSP_GetClockIndex                   0x00000a65   Thumb Code    16  ssp_11xx.o(i.Chip_SSP_GetClockIndex)
    i.Chip_SSP_GetPCLKkRate                  0x00000a78   Section        0  ssp_11xx.o(i.Chip_SSP_GetPCLKkRate)
    Chip_SSP_GetPCLKkRate                    0x00000a79   Thumb Code    58  ssp_11xx.o(i.Chip_SSP_GetPCLKkRate)
    i.Chip_SSP_GetResetIndex                 0x00000abc   Section        0  ssp_11xx.o(i.Chip_SSP_GetResetIndex)
    Chip_SSP_GetResetIndex                   0x00000abd   Thumb Code    16  ssp_11xx.o(i.Chip_SSP_GetResetIndex)
    i.Chip_SSP_Init                          0x00000ad0   Section        0  ssp_11xx.o(i.Chip_SSP_Init)
    i.Chip_SSP_SetBitRate                    0x00000b58   Section        0  ssp_11xx.o(i.Chip_SSP_SetBitRate)
    i.Chip_SSP_SetClockRate                  0x00000b9a   Section        0  ssp_11xx.o(i.Chip_SSP_SetClockRate)
    i.Chip_SSP_SetSSPClkDivider              0x00000bb4   Section        0  ssp_11xx.o(i.Chip_SSP_SetSSPClkDivider)
    Chip_SSP_SetSSPClkDivider                0x00000bb5   Thumb Code    28  ssp_11xx.o(i.Chip_SSP_SetSSPClkDivider)
    i.Chip_SSP_Set_Mode                      0x00000bd8   Section        0  ssp_11xx.o(i.Chip_SSP_Set_Mode)
    Chip_SSP_Set_Mode                        0x00000bd9   Thumb Code    12  ssp_11xx.o(i.Chip_SSP_Set_Mode)
    i.Chip_SYSCTL_PowerDown                  0x00000be4   Section        0  sysctl_11xx.o(i.Chip_SYSCTL_PowerDown)
    i.Chip_SYSCTL_PowerUp                    0x00000c00   Section        0  sysctl_11xx.o(i.Chip_SYSCTL_PowerUp)
    i.Chip_SystemInit                        0x00000c20   Section        0  sysinit_11xx.o(i.Chip_SystemInit)
    i.Chip_UART_DisableDivisorAccess         0x00000cb4   Section        0  uart_11xx.o(i.Chip_UART_DisableDivisorAccess)
    Chip_UART_DisableDivisorAccess           0x00000cb5   Thumb Code    10  uart_11xx.o(i.Chip_UART_DisableDivisorAccess)
    i.Chip_UART_EnableDivisorAccess          0x00000cbe   Section        0  uart_11xx.o(i.Chip_UART_EnableDivisorAccess)
    Chip_UART_EnableDivisorAccess            0x00000cbf   Thumb Code    10  uart_11xx.o(i.Chip_UART_EnableDivisorAccess)
    i.Chip_UART_Init                         0x00000cc8   Section        0  uart_11xx.o(i.Chip_UART_Init)
    i.Chip_UART_ReadLineStatus               0x00000cf8   Section        0  uart_11xx.o(i.Chip_UART_ReadLineStatus)
    Chip_UART_ReadLineStatus                 0x00000cf9   Thumb Code     6  uart_11xx.o(i.Chip_UART_ReadLineStatus)
    i.Chip_UART_Send                         0x00000cfe   Section        0  uart_11xx.o(i.Chip_UART_Send)
    i.Chip_UART_SendBlocking                 0x00000d2c   Section        0  uart_11xx.o(i.Chip_UART_SendBlocking)
    i.Chip_UART_SetBaud                      0x00000d5a   Section        0  uart_11xx.o(i.Chip_UART_SetBaud)
    i.Chip_UART_SetDivisorLatches            0x00000d9a   Section        0  uart_11xx.o(i.Chip_UART_SetDivisorLatches)
    Chip_UART_SetDivisorLatches              0x00000d9b   Thumb Code     6  uart_11xx.o(i.Chip_UART_SetDivisorLatches)
    i.MSD_GetCardInfo                        0x00000da0   Section        0  spi_msd_driver.o(i.MSD_GetCardInfo)
    i.MSD_Init                               0x000010c4   Section        0  spi_msd_driver.o(i.MSD_Init)
    i.MSD_ReadMultiBlock                     0x0000159c   Section        0  spi_msd_driver.o(i.MSD_ReadMultiBlock)
    i.MSD_ReadSingleBlock                    0x00001618   Section        0  spi_msd_driver.o(i.MSD_ReadSingleBlock)
    i.MSD_SPIHighSpeed                       0x0000165c   Section        0  spi_msd_driver.o(i.MSD_SPIHighSpeed)
    i.MSD_WriteMultiBlock                    0x00001670   Section        0  spi_msd_driver.o(i.MSD_WriteMultiBlock)
    i.MSD_WriteSingleBlock                   0x000017a8   Section        0  spi_msd_driver.o(i.MSD_WriteSingleBlock)
    i.Open_Periphericals                     0x00001874   Section        0  main.o(i.Open_Periphericals)
    i.SD_TotalSize                           0x00001980   Section        0  main.o(i.SD_TotalSize)
    i.SPI_Transmit                           0x000019f8   Section        0  spi_msd_driver.o(i.SPI_Transmit)
    i.SystemCoreClockUpdate                  0x00001a28   Section        0  chip_11xx.o(i.SystemCoreClockUpdate)
    i.SystemInit                             0x00001a38   Section        0  sysinit.o(i.SystemInit)
    i.__ARM_common_switch8                   0x00001a40   Section        0  i2c_11xx.o(i.__ARM_common_switch8)
    i.__delay_ms                             0x00001a5c   Section        0  main.o(i.__delay_ms)
    i._is_digit                              0x00001a74   Section        0  __printf_wp.o(i._is_digit)
    i._read_buffer                           0x00001a82   Section        0  spi_msd_driver.o(i._read_buffer)
    i._send_command                          0x00001b04   Section        0  spi_msd_driver.o(i._send_command)
    i._send_command_hold                     0x00001b76   Section        0  spi_msd_driver.o(i._send_command_hold)
    i._spi_read_write                        0x00001bd8   Section        0  spi_msd_driver.o(i._spi_read_write)
    i._sys_exit                              0x00001be8   Section        0  retarget.o(i._sys_exit)
    i.check_fs                               0x00001bec   Section        0  ff.o(i.check_fs)
    check_fs                                 0x00001bed   Thumb Code   116  ff.o(i.check_fs)
    i.chk_chr                                0x00001c70   Section        0  ff.o(i.chk_chr)
    chk_chr                                  0x00001c71   Thumb Code    22  ff.o(i.chk_chr)
    i.clst2sect                              0x00001c86   Section        0  ff.o(i.clst2sect)
    clst2sect                                0x00001c87   Thumb Code    26  ff.o(i.clst2sect)
    i.create_chain                           0x00001ca0   Section        0  ff.o(i.create_chain)
    create_chain                             0x00001ca1   Thumb Code   296  ff.o(i.create_chain)
    i.create_name                            0x00001dc8   Section        0  ff.o(i.create_name)
    create_name                              0x00001dc9   Thumb Code   256  ff.o(i.create_name)
    i.dbc_1st                                0x00001ed8   Section        0  ff.o(i.dbc_1st)
    dbc_1st                                  0x00001ed9   Thumb Code    46  ff.o(i.dbc_1st)
    i.dbc_2nd                                0x00001f0c   Section        0  ff.o(i.dbc_2nd)
    dbc_2nd                                  0x00001f0d   Thumb Code    66  ff.o(i.dbc_2nd)
    i.dir_alloc                              0x00001f54   Section        0  ff.o(i.dir_alloc)
    dir_alloc                                0x00001f55   Thumb Code    98  ff.o(i.dir_alloc)
    i.dir_clear                              0x00001fb6   Section        0  ff.o(i.dir_clear)
    dir_clear                                0x00001fb7   Thumb Code   100  ff.o(i.dir_clear)
    i.dir_find                               0x0000201a   Section        0  ff.o(i.dir_find)
    dir_find                                 0x0000201b   Thumb Code   114  ff.o(i.dir_find)
    i.dir_next                               0x0000208c   Section        0  ff.o(i.dir_next)
    dir_next                                 0x0000208d   Thumb Code   210  ff.o(i.dir_next)
    i.dir_register                           0x0000215e   Section        0  ff.o(i.dir_register)
    dir_register                             0x0000215f   Thumb Code    64  ff.o(i.dir_register)
    i.dir_sdi                                0x0000219e   Section        0  ff.o(i.dir_sdi)
    dir_sdi                                  0x0000219f   Thumb Code   166  ff.o(i.dir_sdi)
    i.disk_initialize                        0x00002244   Section        0  diskio.o(i.disk_initialize)
    i.disk_ioctl                             0x00002274   Section        0  diskio.o(i.disk_ioctl)
    i.disk_read                              0x000022dc   Section        0  diskio.o(i.disk_read)
    i.disk_status                            0x00002332   Section        0  diskio.o(i.disk_status)
    i.disk_write                             0x00002356   Section        0  diskio.o(i.disk_write)
    i.f_close                                0x000023a6   Section        0  ff.o(i.f_close)
    i.f_getfree                              0x000023ca   Section        0  ff.o(i.f_getfree)
    i.f_mount                                0x000024c4   Section        0  ff.o(i.f_mount)
    i.f_open                                 0x00002520   Section        0  ff.o(i.f_open)
    i.f_sync                                 0x00002738   Section        0  ff.o(i.f_sync)
    i.f_write                                0x000027de   Section        0  ff.o(i.f_write)
    i.ferror                                 0x000029f2   Section        0  retarget.o(i.ferror)
    i.find_volume                            0x000029fc   Section        0  ff.o(i.find_volume)
    find_volume                              0x000029fd   Thumb Code   828  ff.o(i.find_volume)
    i.follow_path                            0x00002d58   Section        0  ff.o(i.follow_path)
    follow_path                              0x00002d59   Thumb Code   166  ff.o(i.follow_path)
    i.fputc                                  0x00002e00   Section        0  retarget.o(i.fputc)
    i.getClkDiv                              0x00002e14   Section        0  adc_11xx.o(i.getClkDiv)
    getClkDiv                                0x00002e15   Thumb Code    54  adc_11xx.o(i.getClkDiv)
    i.get_fat                                0x00002e4a   Section        0  ff.o(i.get_fat)
    get_fat                                  0x00002e4b   Thumb Code   226  ff.o(i.get_fat)
    i.get_fattime                            0x00002f2c   Section        0  diskio.o(i.get_fattime)
    i.get_ldnumber                           0x00002f30   Section        0  ff.o(i.get_ldnumber)
    get_ldnumber                             0x00002f31   Thumb Code    78  ff.o(i.get_ldnumber)
    i.ld_clust                               0x00002f7e   Section        0  ff.o(i.ld_clust)
    ld_clust                                 0x00002f7f   Thumb Code    38  ff.o(i.ld_clust)
    i.ld_dword                               0x00002fa4   Section        0  ff.o(i.ld_dword)
    ld_dword                                 0x00002fa5   Thumb Code    30  ff.o(i.ld_dword)
    i.ld_word                                0x00002fc2   Section        0  ff.o(i.ld_word)
    ld_word                                  0x00002fc3   Thumb Code    14  ff.o(i.ld_word)
    i.main                                   0x00002fd0   Section        0  main.o(i.main)
    i.mem_cmp                                0x00003240   Section        0  ff.o(i.mem_cmp)
    mem_cmp                                  0x00003241   Thumb Code    32  ff.o(i.mem_cmp)
    i.mem_cpy                                0x00003260   Section        0  ff.o(i.mem_cpy)
    mem_cpy                                  0x00003261   Thumb Code    28  ff.o(i.mem_cpy)
    i.mem_set                                0x0000327c   Section        0  ff.o(i.mem_set)
    mem_set                                  0x0000327d   Thumb Code    18  ff.o(i.mem_set)
    i.move_window                            0x0000328e   Section        0  ff.o(i.move_window)
    move_window                              0x0000328f   Thumb Code    54  ff.o(i.move_window)
    i.put_fat                                0x000032c4   Section        0  ff.o(i.put_fat)
    put_fat                                  0x000032c5   Thumb Code   310  ff.o(i.put_fat)
    i.readAdcVal                             0x000033fa   Section        0  adc_11xx.o(i.readAdcVal)
    i.remove_chain                           0x00003418   Section        0  ff.o(i.remove_chain)
    remove_chain                             0x00003419   Thumb Code   158  ff.o(i.remove_chain)
    i.setStartMode                           0x000034b6   Section        0  adc_11xx.o(i.setStartMode)
    i.st_clust                               0x000034ca   Section        0  ff.o(i.st_clust)
    st_clust                                 0x000034cb   Thumb Code    36  ff.o(i.st_clust)
    i.st_dword                               0x000034ee   Section        0  ff.o(i.st_dword)
    st_dword                                 0x000034ef   Thumb Code    24  ff.o(i.st_dword)
    i.st_word                                0x00003506   Section        0  ff.o(i.st_word)
    st_word                                  0x00003507   Thumb Code    12  ff.o(i.st_word)
    i.sync_fs                                0x00003514   Section        0  ff.o(i.sync_fs)
    sync_fs                                  0x00003515   Thumb Code   150  ff.o(i.sync_fs)
    i.sync_window                            0x000035b8   Section        0  ff.o(i.sync_window)
    sync_window                              0x000035b9   Thumb Code    76  ff.o(i.sync_window)
    i.validate                               0x00003604   Section        0  ff.o(i.validate)
    validate                                 0x00003605   Thumb Code    70  ff.o(i.validate)
    .constdata                               0x0000364c   Section        4  sysinit.o(.constdata)
    .constdata                               0x00003650   Section       64  clock_11xx.o(.constdata)
    wdtOSCRate                               0x00003650   Data          64  clock_11xx.o(.constdata)
    .constdata                               0x00003690   Section       10  ff.o(.constdata)
    DbcTbl                                   0x00003690   Data          10  ff.o(.constdata)
    .constdata                               0x0000369a   Section       40  _printf_hex_int.o(.constdata)
    uc_hextab                                0x0000369a   Data          20  _printf_hex_int.o(.constdata)
    lc_hextab                                0x000036ae   Data          20  _printf_hex_int.o(.constdata)
    .constdata                               0x000036c2   Section       17  __printf_flags_wp.o(.constdata)
    maptable                                 0x000036c2   Data          17  __printf_flags_wp.o(.constdata)
    .data                                    0x10000000   Section      524  main.o(.data)
    .data                                    0x1000020c   Section        4  chip_11xx.o(.data)
    .data                                    0x10000210   Section        8  retarget.o(.data)
    .data                                    0x10000218   Section        6  ff.o(.data)
    FatFs                                    0x10000218   Data           4  ff.o(.data)
    Fsid                                     0x1000021c   Data           2  ff.o(.data)
    .bss                                     0x10000220   Section     1162  main.o(.bss)
    .bss                                     0x100006ac   Section       88  spi_msd_driver.o(.bss)
    .bss                                     0x10000704   Section       96  libspace.o(.bss)
    HEAP                                     0x10000768   Section      256  keil_startup_lpc11xx.o(HEAP)
    Heap_Mem                                 0x10000768   Data         256  keil_startup_lpc11xx.o(HEAP)
    STACK                                    0x10000868   Section      512  keil_startup_lpc11xx.o(STACK)
    Stack_Mem                                0x10000868   Data         512  keil_startup_lpc11xx.o(STACK)
    __initial_sp                             0x10000a68   Data           0  keil_startup_lpc11xx.o(STACK)

    Global Symbols

    Symbol Name                              Value     Ov Type        Size  Object(Section)

    BuildAttributes$$THM_ISAv3M$S$PE$A:L22$X:L11$S22$IEEE1$IW$USESV6$~STKCKD$USESV7$~SHL$OSPACE$ROPI$EBA8$UX$STANDARDLIB$REQ8$PRES8$EABIv2 0x00000000   Number         0  anon$$obj.o ABSOLUTE
    __ARM_use_no_argv                        0x00000000   Number         0  main.o ABSOLUTE
    __Vectors                                0x00000000   Data           4  keil_startup_lpc11xx.o(RESET)
    _printf_flags                            0x00000000   Number         0  printf_stubs.o ABSOLUTE
    _printf_return_value                     0x00000000   Number         0  printf_stubs.o ABSOLUTE
    _printf_sizespec                         0x00000000   Number         0  printf_stubs.o ABSOLUTE
    _printf_widthprec                        0x00000000   Number         0  printf_stubs.o ABSOLUTE
    __ARM_exceptions_init                     - Undefined Weak Reference
    __alloca_initialize                       - Undefined Weak Reference
    __arm_preinit_                            - Undefined Weak Reference
    __cpp_initialize__aeabi_                  - Undefined Weak Reference
    __cxa_finalize                            - Undefined Weak Reference
    __rt_locale                               - Undefined Weak Reference
    __sigvec_lookup                           - Undefined Weak Reference
    _atexit_init                              - Undefined Weak Reference
    _call_atexit_fns                          - Undefined Weak Reference
    _clock_init                               - Undefined Weak Reference
    _fp_trap_init                             - Undefined Weak Reference
    _fp_trap_shutdown                         - Undefined Weak Reference
    _get_lc_collate                           - Undefined Weak Reference
    _get_lc_ctype                             - Undefined Weak Reference
    _get_lc_monetary                          - Undefined Weak Reference
    _get_lc_numeric                           - Undefined Weak Reference
    _get_lc_time                              - Undefined Weak Reference
    _getenv_init                              - Undefined Weak Reference
    _handle_redirection                       - Undefined Weak Reference
    _init_alloc                               - Undefined Weak Reference
    _init_user_alloc                          - Undefined Weak Reference
    _initio                                   - Undefined Weak Reference
    _printf_truncate_signed                   - Undefined Weak Reference
    _printf_truncate_unsigned                 - Undefined Weak Reference
    _rand_init                                - Undefined Weak Reference
    _signal_finish                            - Undefined Weak Reference
    _signal_init                              - Undefined Weak Reference
    _terminate_alloc                          - Undefined Weak Reference
    _terminate_user_alloc                     - Undefined Weak Reference
    _terminateio                              - Undefined Weak Reference
    __main                                   0x000000c1   Thumb Code     8  __main.o(!!!main)
    __scatterload                            0x000000c9   Thumb Code     0  __scatter.o(!!!scatter)
    __scatterload_rt2                        0x000000c9   Thumb Code    52  __scatter.o(!!!scatter)
    __scatterload_rt2_thumb_only             0x000000c9   Thumb Code     0  __scatter.o(!!!scatter)
    __scatterload_null                       0x000000d9   Thumb Code     0  __scatter.o(!!!scatter)
    __scatterload_zeroinit                   0x00000105   Thumb Code    28  __scatter_zi.o(!!handler_zi)
    _printf_percent                          0x00000121   Thumb Code     0  _printf_percent.o(.ARM.Collect$$_printf_percent$$00000000)
    _printf_d                                0x00000123   Thumb Code     0  _printf_d.o(.ARM.Collect$$_printf_percent$$00000009)
    _printf_u                                0x0000012d   Thumb Code     0  _printf_u.o(.ARM.Collect$$_printf_percent$$0000000A)
    _printf_x                                0x00000137   Thumb Code     0  _printf_x.o(.ARM.Collect$$_printf_percent$$0000000C)
    _printf_percent_end                      0x00000141   Thumb Code     0  _printf_percent_end.o(.ARM.Collect$$_printf_percent$$00000017)
    __rt_lib_init                            0x00000145   Thumb Code     0  libinit.o(.ARM.Collect$$libinit$$00000000)
    __rt_lib_init_alloca_1                   0x00000147   Thumb Code     0  libinit2.o(.ARM.Collect$$libinit$$0000002E)
    __rt_lib_init_argv_1                     0x00000147   Thumb Code     0  libinit2.o(.ARM.Collect$$libinit$$0000002C)
    __rt_lib_init_atexit_1                   0x00000147   Thumb Code     0  libinit2.o(.ARM.Collect$$libinit$$0000001B)
    __rt_lib_init_clock_1                    0x00000147   Thumb Code     0  libinit2.o(.ARM.Collect$$libinit$$00000021)
    __rt_lib_init_cpp_1                      0x00000147   Thumb Code     0  libinit2.o(.ARM.Collect$$libinit$$00000032)
    __rt_lib_init_exceptions_1               0x00000147   Thumb Code     0  libinit2.o(.ARM.Collect$$libinit$$00000030)
    __rt_lib_init_fp_1                       0x00000147   Thumb Code     0  libinit2.o(.ARM.Collect$$libinit$$00000002)
    __rt_lib_init_fp_trap_1                  0x00000147   Thumb Code     0  libinit2.o(.ARM.Collect$$libinit$$0000001F)
    __rt_lib_init_getenv_1                   0x00000147   Thumb Code     0  libinit2.o(.ARM.Collect$$libinit$$00000023)
    __rt_lib_init_heap_1                     0x00000147   Thumb Code     0  libinit2.o(.ARM.Collect$$libinit$$0000000A)
    __rt_lib_init_lc_collate_1               0x00000147   Thumb Code     0  libinit2.o(.ARM.Collect$$libinit$$00000011)
    __rt_lib_init_lc_ctype_1                 0x00000147   Thumb Code     0  libinit2.o(.ARM.Collect$$libinit$$00000013)
    __rt_lib_init_lc_monetary_1              0x00000147   Thumb Code     0  libinit2.o(.ARM.Collect$$libinit$$00000015)
    __rt_lib_init_lc_numeric_1               0x00000147   Thumb Code     0  libinit2.o(.ARM.Collect$$libinit$$00000017)
    __rt_lib_init_lc_time_1                  0x00000147   Thumb Code     0  libinit2.o(.ARM.Collect$$libinit$$00000019)
    __rt_lib_init_preinit_1                  0x00000147   Thumb Code     0  libinit2.o(.ARM.Collect$$libinit$$00000004)
    __rt_lib_init_rand_1                     0x00000147   Thumb Code     0  libinit2.o(.ARM.Collect$$libinit$$0000000E)
    __rt_lib_init_return                     0x00000147   Thumb Code     0  libinit2.o(.ARM.Collect$$libinit$$00000033)
    __rt_lib_init_signal_1                   0x00000147   Thumb Code     0  libinit2.o(.ARM.Collect$$libinit$$0000001D)
    __rt_lib_init_stdio_1                    0x00000147   Thumb Code     0  libinit2.o(.ARM.Collect$$libinit$$00000025)
    __rt_lib_init_user_alloc_1               0x00000147   Thumb Code     0  libinit2.o(.ARM.Collect$$libinit$$0000000C)
    __rt_lib_shutdown                        0x00000149   Thumb Code     0  libshutdown.o(.ARM.Collect$$libshutdown$$00000000)
    __rt_lib_shutdown_cpp_1                  0x0000014b   Thumb Code     0  libshutdown2.o(.ARM.Collect$$libshutdown$$00000002)
    __rt_lib_shutdown_fp_trap_1              0x0000014b   Thumb Code     0  libshutdown2.o(.ARM.Collect$$libshutdown$$00000007)
    __rt_lib_shutdown_heap_1                 0x0000014b   Thumb Code     0  libshutdown2.o(.ARM.Collect$$libshutdown$$0000000F)
    __rt_lib_shutdown_return                 0x0000014b   Thumb Code     0  libshutdown2.o(.ARM.Collect$$libshutdown$$00000010)
    __rt_lib_shutdown_signal_1               0x0000014b   Thumb Code     0  libshutdown2.o(.ARM.Collect$$libshutdown$$0000000A)
    __rt_lib_shutdown_stdio_1                0x0000014b   Thumb Code     0  libshutdown2.o(.ARM.Collect$$libshutdown$$00000004)
    __rt_lib_shutdown_user_alloc_1           0x0000014b   Thumb Code     0  libshutdown2.o(.ARM.Collect$$libshutdown$$0000000C)
    __rt_entry                               0x0000014d   Thumb Code     0  __rtentry.o(.ARM.Collect$$rtentry$$00000000)
    __rt_entry_presh_1                       0x0000014d   Thumb Code     0  __rtentry2.o(.ARM.Collect$$rtentry$$00000002)
    __rt_entry_sh                            0x0000014d   Thumb Code     0  __rtentry4.o(.ARM.Collect$$rtentry$$00000004)
    __rt_entry_li                            0x00000153   Thumb Code     0  __rtentry2.o(.ARM.Collect$$rtentry$$0000000A)
    __rt_entry_postsh_1                      0x00000153   Thumb Code     0  __rtentry2.o(.ARM.Collect$$rtentry$$00000009)
    __rt_entry_main                          0x00000157   Thumb Code     0  __rtentry2.o(.ARM.Collect$$rtentry$$0000000D)
    __rt_entry_postli_1                      0x00000157   Thumb Code     0  __rtentry2.o(.ARM.Collect$$rtentry$$0000000C)
    __rt_exit                                0x0000015f   Thumb Code     0  rtexit.o(.ARM.Collect$$rtexit$$00000000)
    __rt_exit_ls                             0x00000161   Thumb Code     0  rtexit2.o(.ARM.Collect$$rtexit$$00000003)
    __rt_exit_prels_1                        0x00000161   Thumb Code     0  rtexit2.o(.ARM.Collect$$rtexit$$00000002)
    __rt_exit_exit                           0x00000165   Thumb Code     0  rtexit2.o(.ARM.Collect$$rtexit$$00000004)
    Reset_Handler                            0x0000016d   Thumb Code     8  keil_startup_lpc11xx.o(.text)
    NMI_Handler                              0x00000175   Thumb Code     2  keil_startup_lpc11xx.o(.text)
    HardFault_Handler                        0x00000177   Thumb Code     2  keil_startup_lpc11xx.o(.text)
    MemManage_Handler                        0x00000179   Thumb Code     2  keil_startup_lpc11xx.o(.text)
    BusFault_Handler                         0x0000017b   Thumb Code     2  keil_startup_lpc11xx.o(.text)
    UsageFault_Handler                       0x0000017d   Thumb Code     2  keil_startup_lpc11xx.o(.text)
    SVC_Handler                              0x0000017f   Thumb Code     2  keil_startup_lpc11xx.o(.text)
    DebugMon_Handler                         0x00000181   Thumb Code     2  keil_startup_lpc11xx.o(.text)
    PendSV_Handler                           0x00000183   Thumb Code     2  keil_startup_lpc11xx.o(.text)
    SysTick_Handler                          0x00000185   Thumb Code     2  keil_startup_lpc11xx.o(.text)
    Reserved_IRQHandler                      0x00000187   Thumb Code     2  keil_startup_lpc11xx.o(.text)
    ADC_IRQHandler                           0x00000189   Thumb Code     0  keil_startup_lpc11xx.o(.text)
    BOD_IRQHandler                           0x00000189   Thumb Code     0  keil_startup_lpc11xx.o(.text)
    PIOINT0_IRQHandler                       0x00000189   Thumb Code     0  keil_startup_lpc11xx.o(.text)
    PIOINT1_IRQHandler                       0x00000189   Thumb Code     0  keil_startup_lpc11xx.o(.text)
    SSP0_IRQHandler                          0x00000189   Thumb Code     0  keil_startup_lpc11xx.o(.text)
    TIMER16_0_IRQHandler                     0x00000189   Thumb Code     0  keil_startup_lpc11xx.o(.text)
    TIMER16_1_IRQHandler                     0x00000189   Thumb Code     0  keil_startup_lpc11xx.o(.text)
    TIMER32_0_IRQHandler                     0x00000189   Thumb Code     0  keil_startup_lpc11xx.o(.text)
    TIMER32_1_IRQHandler                     0x00000189   Thumb Code     0  keil_startup_lpc11xx.o(.text)
    UART_IRQHandler                          0x00000189   Thumb Code     0  keil_startup_lpc11xx.o(.text)
    WAKEUP_IRQHandler                        0x00000189   Thumb Code     0  keil_startup_lpc11xx.o(.text)
    WDT_IRQHandler                           0x00000189   Thumb Code     0  keil_startup_lpc11xx.o(.text)
    __user_initial_stackheap                 0x0000018d   Thumb Code     0  keil_startup_lpc11xx.o(.text)
    __I$use$semihosting                      0x000001b1   Thumb Code     0  use_no_semi.o(.text)
    __use_no_semihosting_swi                 0x000001b1   Thumb Code     2  use_no_semi.o(.text)
    __2printf                                0x000001b5   Thumb Code    22  noretval__2printf.o(.text)
    __2sprintf                               0x000001d1   Thumb Code    36  noretval__2sprintf.o(.text)
    _printf_pre_padding                      0x000001f9   Thumb Code    44  _printf_pad.o(.text)
    _printf_post_padding                     0x00000225   Thumb Code    34  _printf_pad.o(.text)
    _printf_int_dec                          0x00000249   Thumb Code    90  _printf_dec.o(.text)
    strlen                                   0x000002b5   Thumb Code    62  strlen.o(.text)
    _printf_int_hex                          0x00000301   Thumb Code    84  _printf_hex_int.o(.text)
    _printf_longlong_hex                     0x00000301   Thumb Code     0  _printf_hex_int.o(.text)
    __printf                                 0x00000359   Thumb Code   306  __printf_flags_wp.o(.text)
    __aeabi_uidiv                            0x00000491   Thumb Code     0  aeabi_sdiv.o(.text)
    __aeabi_uidivmod                         0x00000491   Thumb Code    20  aeabi_sdiv.o(.text)
    __aeabi_idiv                             0x000004a5   Thumb Code     0  aeabi_sdiv.o(.text)
    __aeabi_idivmod                          0x000004a5   Thumb Code   326  aeabi_sdiv.o(.text)
    __use_two_region_memory                  0x000005eb   Thumb Code     2  heapauxi.o(.text)
    __rt_heap_escrow$2region                 0x000005ed   Thumb Code     2  heapauxi.o(.text)
    __rt_heap_expand$2region                 0x000005ef   Thumb Code     2  heapauxi.o(.text)
    _printf_int_common                       0x000005f1   Thumb Code   176  _printf_intcommon.o(.text)
    _printf_char_common                      0x000006ab   Thumb Code    32  _printf_char_common.o(.text)
    _sputc                                   0x000006d1   Thumb Code    10  _sputc.o(.text)
    _printf_char_file                        0x000006dd   Thumb Code    34  _printf_char_file.o(.text)
    __rt_udiv10                              0x00000705   Thumb Code    40  rtudiv10.o(.text)
    __user_setup_stackheap                   0x0000072d   Thumb Code    62  sys_stackheap_outer.o(.text)
    exit                                     0x0000076b   Thumb Code    16  exit.o(.text)
    __user_libspace                          0x0000077d   Thumb Code     8  libspace.o(.text)
    __user_perproc_libspace                  0x0000077d   Thumb Code     0  libspace.o(.text)
    __user_perthread_libspace                0x0000077d   Thumb Code     0  libspace.o(.text)
    __decompress                             0x00000785   Thumb Code     0  __dczerorl.o(.text)
    __decompress0                            0x00000785   Thumb Code    58  __dczerorl.o(.text)
    Chip_ADC_EnableChannel                   0x000007bf   Thumb Code    40  adc_11xx.o(i.Chip_ADC_EnableChannel)
    Chip_ADC_Init                            0x000007e9   Thumb Code    88  adc_11xx.o(i.Chip_ADC_Init)
    Chip_ADC_ReadStatus                      0x00000849   Thumb Code    88  adc_11xx.o(i.Chip_ADC_ReadStatus)
    Chip_ADC_ReadValue                       0x000008a1   Thumb Code    20  adc_11xx.o(i.Chip_ADC_ReadValue)
    Chip_ADC_SetStartMode                    0x000008b5   Thumb Code    52  adc_11xx.o(i.Chip_ADC_SetStartMode)
    Chip_Clock_GetMainClockRate              0x000008e9   Thumb Code    68  clock_11xx.o(i.Chip_Clock_GetMainClockRate)
    Chip_Clock_GetSystemClockRate            0x00000945   Thumb Code    20  clock_11xx.o(i.Chip_Clock_GetSystemClockRate)
    Chip_Clock_GetSystemPLLInClockRate       0x0000095d   Thumb Code    44  clock_11xx.o(i.Chip_Clock_GetSystemPLLInClockRate)
    Chip_Clock_GetSystemPLLOutClockRate      0x00000995   Thumb Code    20  clock_11xx.o(i.Chip_Clock_GetSystemPLLOutClockRate)
    Chip_Clock_GetWDTOSCRate                 0x000009cd   Thumb Code    12  clock_11xx.o(i.Chip_Clock_GetWDTOSCRate)
    Chip_Clock_SetMainClockSource            0x000009dd   Thumb Code    16  clock_11xx.o(i.Chip_Clock_SetMainClockSource)
    Chip_Clock_SetSystemPLLSource            0x000009f1   Thumb Code    16  clock_11xx.o(i.Chip_Clock_SetSystemPLLSource)
    Chip_GPIO_Init                           0x00000a05   Thumb Code    22  gpio_11xx_2.o(i.Chip_GPIO_Init)
    Chip_SSP_Init                            0x00000ad1   Thumb Code   128  ssp_11xx.o(i.Chip_SSP_Init)
    Chip_SSP_SetBitRate                      0x00000b59   Thumb Code    66  ssp_11xx.o(i.Chip_SSP_SetBitRate)
    Chip_SSP_SetClockRate                    0x00000b9b   Thumb Code    24  ssp_11xx.o(i.Chip_SSP_SetClockRate)
    Chip_SYSCTL_PowerDown                    0x00000be5   Thumb Code    22  sysctl_11xx.o(i.Chip_SYSCTL_PowerDown)
    Chip_SYSCTL_PowerUp                      0x00000c01   Thumb Code    26  sysctl_11xx.o(i.Chip_SYSCTL_PowerUp)
    Chip_SystemInit                          0x00000c21   Thumb Code   138  sysinit_11xx.o(i.Chip_SystemInit)
    Chip_UART_Init                           0x00000cc9   Thumb Code    44  uart_11xx.o(i.Chip_UART_Init)
    Chip_UART_Send                           0x00000cff   Thumb Code    46  uart_11xx.o(i.Chip_UART_Send)
    Chip_UART_SendBlocking                   0x00000d2d   Thumb Code    46  uart_11xx.o(i.Chip_UART_SendBlocking)
    Chip_UART_SetBaud                        0x00000d5b   Thumb Code    64  uart_11xx.o(i.Chip_UART_SetBaud)
    MSD_GetCardInfo                          0x00000da1   Thumb Code   804  spi_msd_driver.o(i.MSD_GetCardInfo)
    MSD_Init                                 0x000010c5   Thumb Code   686  spi_msd_driver.o(i.MSD_Init)
    MSD_ReadMultiBlock                       0x0000159d   Thumb Code   120  spi_msd_driver.o(i.MSD_ReadMultiBlock)
    MSD_ReadSingleBlock                      0x00001619   Thumb Code    62  spi_msd_driver.o(i.MSD_ReadSingleBlock)
    MSD_SPIHighSpeed                         0x0000165d   Thumb Code    12  spi_msd_driver.o(i.MSD_SPIHighSpeed)
    MSD_WriteMultiBlock                      0x00001671   Thumb Code   306  spi_msd_driver.o(i.MSD_WriteMultiBlock)
    MSD_WriteSingleBlock                     0x000017a9   Thumb Code   200  spi_msd_driver.o(i.MSD_WriteSingleBlock)
    Open_Periphericals                       0x00001875   Thumb Code   250  main.o(i.Open_Periphericals)
    SD_TotalSize                             0x00001981   Thumb Code    62  main.o(i.SD_TotalSize)
    SPI_Transmit                             0x000019f9   Thumb Code    42  spi_msd_driver.o(i.SPI_Transmit)
    SystemCoreClockUpdate                    0x00001a29   Thumb Code    12  chip_11xx.o(i.SystemCoreClockUpdate)
    SystemInit                               0x00001a39   Thumb Code     8  sysinit.o(i.SystemInit)
    __ARM_common_switch8                     0x00001a41   Thumb Code    28  i2c_11xx.o(i.__ARM_common_switch8)
    __delay_ms                               0x00001a5d   Thumb Code    18  main.o(i.__delay_ms)
    _is_digit                                0x00001a75   Thumb Code    14  __printf_wp.o(i._is_digit)
    _read_buffer                             0x00001a83   Thumb Code   130  spi_msd_driver.o(i._read_buffer)
    _send_command                            0x00001b05   Thumb Code   114  spi_msd_driver.o(i._send_command)
    _send_command_hold                       0x00001b77   Thumb Code    98  spi_msd_driver.o(i._send_command_hold)
    _spi_read_write                          0x00001bd9   Thumb Code    16  spi_msd_driver.o(i._spi_read_write)
    _sys_exit                                0x00001be9   Thumb Code     4  retarget.o(i._sys_exit)
    disk_initialize                          0x00002245   Thumb Code    46  diskio.o(i.disk_initialize)
    disk_ioctl                               0x00002275   Thumb Code    98  diskio.o(i.disk_ioctl)
    disk_read                                0x000022dd   Thumb Code    86  diskio.o(i.disk_read)
    disk_status                              0x00002333   Thumb Code    36  diskio.o(i.disk_status)
    disk_write                               0x00002357   Thumb Code    80  diskio.o(i.disk_write)
    f_close                                  0x000023a7   Thumb Code    36  ff.o(i.f_close)
    f_getfree                                0x000023cb   Thumb Code   250  ff.o(i.f_getfree)
    f_mount                                  0x000024c5   Thumb Code    86  ff.o(i.f_mount)
    f_open                                   0x00002521   Thumb Code   536  ff.o(i.f_open)
    f_sync                                   0x00002739   Thumb Code   166  ff.o(i.f_sync)
    f_write                                  0x000027df   Thumb Code   532  ff.o(i.f_write)
    ferror                                   0x000029f3   Thumb Code     8  retarget.o(i.ferror)
    fputc                                    0x00002e01   Thumb Code    16  retarget.o(i.fputc)
    get_fattime                              0x00002f2d   Thumb Code     4  diskio.o(i.get_fattime)
    main                                     0x00002fd1   Thumb Code   308  main.o(i.main)
    readAdcVal                               0x000033fb   Thumb Code    30  adc_11xx.o(i.readAdcVal)
    setStartMode                             0x000034b7   Thumb Code    20  adc_11xx.o(i.setStartMode)
    OscRateIn                                0x0000364c   Data           4  sysinit.o(.constdata)
    Region$$Table$$Base                      0x000036d4   Number         0  anon$$obj.o(Region$$Table)
    Region$$Table$$Limit                     0x000036f4   Number         0  anon$$obj.o(Region$$Table)
    res                                      0x10000000   Data           1  main.o(.data)
    br                                       0x10000004   Data           4  main.o(.data)
    path                                     0x10000008   Data         512  main.o(.data)
    data                                     0x10000208   Data           4  main.o(.data)
    SystemCoreClock                          0x1000020c   Data           4  chip_11xx.o(.data)
    __stdout                                 0x10000210   Data           4  retarget.o(.data)
    __stdin                                  0x10000214   Data           4  retarget.o(.data)
    fs                                       0x10000220   Data         560  main.o(.bss)
    fsrc                                     0x10000450   Data         552  main.o(.bss)
    textFileBuffer                           0x10000678   Data          50  main.o(.bss)
    CardInfo                                 0x100006ac   Data          88  spi_msd_driver.o(.bss)
    __libspace_start                         0x10000704   Data          96  libspace.o(.bss)
    __temporary_stack_top$libspace           0x10000764   Data           0  libspace.o(.bss)



==============================================================================

Memory Map of the image

  Image Entry point : 0x0000016d

  Load Region LR_1 (Base: 0x00000000, Size: 0x00003914, Max: 0xffffffff, ABSOLUTE, COMPRESSED[0x00003700])

    Execution Region ER_RO (Exec base: 0x00000000, Load base: 0x00000000, Size: 0x000036f4, Max: 0xffffffff, ABSOLUTE)

    Exec Addr    Load Addr    Size         Type   Attr      Idx    E Section Name        Object

    0x00000000   0x00000000   0x000000c0   Data   RO          162    RESET               keil_startup_lpc11xx.o
    0x000000c0   0x000000c0   0x00000008   Code   RO         1897  * !!!main             c_p.l(__main.o)
    0x000000c8   0x000000c8   0x0000003c   Code   RO         2075    !!!scatter          c_p.l(__scatter.o)
    0x00000104   0x00000104   0x0000001c   Code   RO         2077    !!handler_zi        c_p.l(__scatter_zi.o)
    0x00000120   0x00000120   0x00000002   Code   RO         1882    .ARM.Collect$$_printf_percent$$00000000  c_p.l(_printf_percent.o)
    0x00000122   0x00000122   0x0000000a   Code   RO         1880    .ARM.Collect$$_printf_percent$$00000009  c_p.l(_printf_d.o)
    0x0000012c   0x0000012c   0x0000000a   Code   RO         1881    .ARM.Collect$$_printf_percent$$0000000A  c_p.l(_printf_u.o)
    0x00000136   0x00000136   0x0000000a   Code   RO         1879    .ARM.Collect$$_printf_percent$$0000000C  c_p.l(_printf_x.o)
    0x00000140   0x00000140   0x00000004   Code   RO         1912    .ARM.Collect$$_printf_percent$$00000017  c_p.l(_printf_percent_end.o)
    0x00000144   0x00000144   0x00000002   Code   RO         1948    .ARM.Collect$$libinit$$00000000  c_p.l(libinit.o)
    0x00000146   0x00000146   0x00000000   Code   RO         1962    .ARM.Collect$$libinit$$00000002  c_p.l(libinit2.o)
    0x00000146   0x00000146   0x00000000   Code   RO         1964    .ARM.Collect$$libinit$$00000004  c_p.l(libinit2.o)
    0x00000146   0x00000146   0x00000000   Code   RO         1967    .ARM.Collect$$libinit$$0000000A  c_p.l(libinit2.o)
    0x00000146   0x00000146   0x00000000   Code   RO         1969    .ARM.Collect$$libinit$$0000000C  c_p.l(libinit2.o)
    0x00000146   0x00000146   0x00000000   Code   RO         1971    .ARM.Collect$$libinit$$0000000E  c_p.l(libinit2.o)
    0x00000146   0x00000146   0x00000000   Code   RO         1974    .ARM.Collect$$libinit$$00000011  c_p.l(libinit2.o)
    0x00000146   0x00000146   0x00000000   Code   RO         1976    .ARM.Collect$$libinit$$00000013  c_p.l(libinit2.o)
    0x00000146   0x00000146   0x00000000   Code   RO         1978    .ARM.Collect$$libinit$$00000015  c_p.l(libinit2.o)
    0x00000146   0x00000146   0x00000000   Code   RO         1980    .ARM.Collect$$libinit$$00000017  c_p.l(libinit2.o)
    0x00000146   0x00000146   0x00000000   Code   RO         1982    .ARM.Collect$$libinit$$00000019  c_p.l(libinit2.o)
    0x00000146   0x00000146   0x00000000   Code   RO         1984    .ARM.Collect$$libinit$$0000001B  c_p.l(libinit2.o)
    0x00000146   0x00000146   0x00000000   Code   RO         1986    .ARM.Collect$$libinit$$0000001D  c_p.l(libinit2.o)
    0x00000146   0x00000146   0x00000000   Code   RO         1988    .ARM.Collect$$libinit$$0000001F  c_p.l(libinit2.o)
    0x00000146   0x00000146   0x00000000   Code   RO         1990    .ARM.Collect$$libinit$$00000021  c_p.l(libinit2.o)
    0x00000146   0x00000146   0x00000000   Code   RO         1992    .ARM.Collect$$libinit$$00000023  c_p.l(libinit2.o)
    0x00000146   0x00000146   0x00000000   Code   RO         1994    .ARM.Collect$$libinit$$00000025  c_p.l(libinit2.o)
    0x00000146   0x00000146   0x00000000   Code   RO         1998    .ARM.Collect$$libinit$$0000002C  c_p.l(libinit2.o)
    0x00000146   0x00000146   0x00000000   Code   RO         2000    .ARM.Collect$$libinit$$0000002E  c_p.l(libinit2.o)
    0x00000146   0x00000146   0x00000000   Code   RO         2002    .ARM.Collect$$libinit$$00000030  c_p.l(libinit2.o)
    0x00000146   0x00000146   0x00000000   Code   RO         2004    .ARM.Collect$$libinit$$00000032  c_p.l(libinit2.o)
    0x00000146   0x00000146   0x00000002   Code   RO         2005    .ARM.Collect$$libinit$$00000033  c_p.l(libinit2.o)
    0x00000148   0x00000148   0x00000002   Code   RO         2029    .ARM.Collect$$libshutdown$$00000000  c_p.l(libshutdown.o)
    0x0000014a   0x0000014a   0x00000000   Code   RO         2055    .ARM.Collect$$libshutdown$$00000002  c_p.l(libshutdown2.o)
    0x0000014a   0x0000014a   0x00000000   Code   RO         2057    .ARM.Collect$$libshutdown$$00000004  c_p.l(libshutdown2.o)
    0x0000014a   0x0000014a   0x00000000   Code   RO         2060    .ARM.Collect$$libshutdown$$00000007  c_p.l(libshutdown2.o)
    0x0000014a   0x0000014a   0x00000000   Code   RO         2063    .ARM.Collect$$libshutdown$$0000000A  c_p.l(libshutdown2.o)
    0x0000014a   0x0000014a   0x00000000   Code   RO         2065    .ARM.Collect$$libshutdown$$0000000C  c_p.l(libshutdown2.o)
    0x0000014a   0x0000014a   0x00000000   Code   RO         2068    .ARM.Collect$$libshutdown$$0000000F  c_p.l(libshutdown2.o)
    0x0000014a   0x0000014a   0x00000002   Code   RO         2069    .ARM.Collect$$libshutdown$$00000010  c_p.l(libshutdown2.o)
    0x0000014c   0x0000014c   0x00000000   Code   RO         1899    .ARM.Collect$$rtentry$$00000000  c_p.l(__rtentry.o)
    0x0000014c   0x0000014c   0x00000000   Code   RO         1916    .ARM.Collect$$rtentry$$00000002  c_p.l(__rtentry2.o)
    0x0000014c   0x0000014c   0x00000006   Code   RO         1928    .ARM.Collect$$rtentry$$00000004  c_p.l(__rtentry4.o)
    0x00000152   0x00000152   0x00000000   Code   RO         1918    .ARM.Collect$$rtentry$$00000009  c_p.l(__rtentry2.o)
    0x00000152   0x00000152   0x00000004   Code   RO         1919    .ARM.Collect$$rtentry$$0000000A  c_p.l(__rtentry2.o)
    0x00000156   0x00000156   0x00000000   Code   RO         1921    .ARM.Collect$$rtentry$$0000000C  c_p.l(__rtentry2.o)
    0x00000156   0x00000156   0x00000008   Code   RO         1922    .ARM.Collect$$rtentry$$0000000D  c_p.l(__rtentry2.o)
    0x0000015e   0x0000015e   0x00000002   Code   RO         1953    .ARM.Collect$$rtexit$$00000000  c_p.l(rtexit.o)
    0x00000160   0x00000160   0x00000000   Code   RO         2007    .ARM.Collect$$rtexit$$00000002  c_p.l(rtexit2.o)
    0x00000160   0x00000160   0x00000004   Code   RO         2008    .ARM.Collect$$rtexit$$00000003  c_p.l(rtexit2.o)
    0x00000164   0x00000164   0x00000006   Code   RO         2009    .ARM.Collect$$rtexit$$00000004  c_p.l(rtexit2.o)
    0x0000016a   0x0000016a   0x00000002   PAD
    0x0000016c   0x0000016c   0x00000044   Code   RO          164  * .text               keil_startup_lpc11xx.o
    0x000001b0   0x000001b0   0x00000002   Code   RO         1822    .text               c_p.l(use_no_semi.o)
    0x000001b2   0x000001b2   0x00000002   PAD
    0x000001b4   0x000001b4   0x0000001c   Code   RO         1828    .text               c_p.l(noretval__2printf.o)
    0x000001d0   0x000001d0   0x00000028   Code   RO         1830    .text               c_p.l(noretval__2sprintf.o)
    0x000001f8   0x000001f8   0x0000004e   Code   RO         1834    .text               c_p.l(_printf_pad.o)
    0x00000246   0x00000246   0x00000002   PAD
    0x00000248   0x00000248   0x0000006c   Code   RO         1836    .text               c_p.l(_printf_dec.o)
    0x000002b4   0x000002b4   0x00000044   Code   RO         1883    .text               c_p.l(strlen.o)
    0x000002f8   0x000002f8   0x00000004   Code   RO         1185    i.Chip_UART_SendByte  uart_11xx.o
    0x000002fc   0x000002fc   0x00000004   Code   RO          163    .ARM.__at_0x02FC    keil_startup_lpc11xx.o
    0x00000300   0x00000300   0x00000058   Code   RO         1841    .text               c_p.l(_printf_hex_int.o)
    0x00000358   0x00000358   0x00000138   Code   RO         1871    .text               c_p.l(__printf_flags_wp.o)
    0x00000490   0x00000490   0x0000015a   Code   RO         1891    .text               c_p.l(aeabi_sdiv.o)
    0x000005ea   0x000005ea   0x00000006   Code   RO         1895    .text               c_p.l(heapauxi.o)
    0x000005f0   0x000005f0   0x000000b0   Code   RO         1904    .text               c_p.l(_printf_intcommon.o)
    0x000006a0   0x000006a0   0x00000030   Code   RO         1906    .text               c_p.l(_printf_char_common.o)
    0x000006d0   0x000006d0   0x0000000a   Code   RO         1908    .text               c_p.l(_sputc.o)
    0x000006da   0x000006da   0x00000002   PAD
    0x000006dc   0x000006dc   0x00000028   Code   RO         1910    .text               c_p.l(_printf_char_file.o)
    0x00000704   0x00000704   0x00000028   Code   RO         1913    .text               c_p.l(rtudiv10.o)
    0x0000072c   0x0000072c   0x0000003e   Code   RO         1934    .text               c_p.l(sys_stackheap_outer.o)
    0x0000076a   0x0000076a   0x00000010   Code   RO         1937    .text               c_p.l(exit.o)
    0x0000077a   0x0000077a   0x00000002   PAD
    0x0000077c   0x0000077c   0x00000008   Code   RO         1949    .text               c_p.l(libspace.o)
    0x00000784   0x00000784   0x0000003a   Code   RO         2073    .text               c_p.l(__dczerorl.o)
    0x000007be   0x000007be   0x00000028   Code   RO          286    i.Chip_ADC_EnableChannel  adc_11xx.o
    0x000007e6   0x000007e6   0x00000002   PAD
    0x000007e8   0x000007e8   0x00000060   Code   RO          287    i.Chip_ADC_Init     adc_11xx.o
    0x00000848   0x00000848   0x00000058   Code   RO          290    i.Chip_ADC_ReadStatus  adc_11xx.o
    0x000008a0   0x000008a0   0x00000014   Code   RO          291    i.Chip_ADC_ReadValue  adc_11xx.o
    0x000008b4   0x000008b4   0x00000034   Code   RO          295    i.Chip_ADC_SetStartMode  adc_11xx.o
    0x000008e8   0x000008e8   0x0000004c   Code   RO          426    i.Chip_Clock_GetMainClockRate  clock_11xx.o
    0x00000934   0x00000934   0x0000000e   Code   RO          427    i.Chip_Clock_GetPLLFreq  clock_11xx.o
    0x00000942   0x00000942   0x00000002   PAD
    0x00000944   0x00000944   0x00000018   Code   RO          428    i.Chip_Clock_GetSystemClockRate  clock_11xx.o
    0x0000095c   0x0000095c   0x00000038   Code   RO          429    i.Chip_Clock_GetSystemPLLInClockRate  clock_11xx.o
    0x00000994   0x00000994   0x00000018   Code   RO          430    i.Chip_Clock_GetSystemPLLOutClockRate  clock_11xx.o
    0x000009ac   0x000009ac   0x00000020   Code   RO          431    i.Chip_Clock_GetWDTLFORate  clock_11xx.o
    0x000009cc   0x000009cc   0x00000010   Code   RO          432    i.Chip_Clock_GetWDTOSCRate  clock_11xx.o
    0x000009dc   0x000009dc   0x00000014   Code   RO          434    i.Chip_Clock_SetMainClockSource  clock_11xx.o
    0x000009f0   0x000009f0   0x00000014   Code   RO          436    i.Chip_Clock_SetSystemPLLSource  clock_11xx.o
    0x00000a04   0x00000a04   0x0000001c   Code   RO          544    i.Chip_GPIO_Init    gpio_11xx_2.o
    0x00000a20   0x00000a20   0x00000018   Code   RO            3    i.Chip_GPIO_ReadPortBit  main.o
    0x00000a38   0x00000a38   0x00000014   Code   RO         1717    i.Chip_GPIO_SetPinOutHigh  spi_msd_driver.o
    0x00000a4c   0x00000a4c   0x00000012   Code   RO         1718    i.Chip_GPIO_SetPinOutLow  spi_msd_driver.o
    0x00000a5e   0x00000a5e   0x00000006   Code   RO            4    i.Chip_IOCON_PinMuxSet  main.o
    0x00000a64   0x00000a64   0x00000014   Code   RO          908    i.Chip_SSP_GetClockIndex  ssp_11xx.o
    0x00000a78   0x00000a78   0x00000044   Code   RO          909    i.Chip_SSP_GetPCLKkRate  ssp_11xx.o
    0x00000abc   0x00000abc   0x00000014   Code   RO          911    i.Chip_SSP_GetResetIndex  ssp_11xx.o
    0x00000ad0   0x00000ad0   0x00000088   Code   RO          913    i.Chip_SSP_Init     ssp_11xx.o
    0x00000b58   0x00000b58   0x00000042   Code   RO          921    i.Chip_SSP_SetBitRate  ssp_11xx.o
    0x00000b9a   0x00000b9a   0x00000018   Code   RO          922    i.Chip_SSP_SetClockRate  ssp_11xx.o
    0x00000bb2   0x00000bb2   0x00000002   PAD
    0x00000bb4   0x00000bb4   0x00000024   Code   RO          924    i.Chip_SSP_SetSSPClkDivider  ssp_11xx.o
    0x00000bd8   0x00000bd8   0x0000000c   Code   RO          925    i.Chip_SSP_Set_Mode  ssp_11xx.o
    0x00000be4   0x00000be4   0x0000001c   Code   RO         1065    i.Chip_SYSCTL_PowerDown  sysctl_11xx.o
    0x00000c00   0x00000c00   0x00000020   Code   RO         1066    i.Chip_SYSCTL_PowerUp  sysctl_11xx.o
    0x00000c20   0x00000c20   0x00000094   Code   RO         1103    i.Chip_SystemInit   sysinit_11xx.o
    0x00000cb4   0x00000cb4   0x0000000a   Code   RO         1173    i.Chip_UART_DisableDivisorAccess  uart_11xx.o
    0x00000cbe   0x00000cbe   0x0000000a   Code   RO         1174    i.Chip_UART_EnableDivisorAccess  uart_11xx.o
    0x00000cc8   0x00000cc8   0x00000030   Code   RO         1176    i.Chip_UART_Init    uart_11xx.o
    0x00000cf8   0x00000cf8   0x00000006   Code   RO         1181    i.Chip_UART_ReadLineStatus  uart_11xx.o
    0x00000cfe   0x00000cfe   0x0000002e   Code   RO         1183    i.Chip_UART_Send    uart_11xx.o
    0x00000d2c   0x00000d2c   0x0000002e   Code   RO         1184    i.Chip_UART_SendBlocking  uart_11xx.o
    0x00000d5a   0x00000d5a   0x00000040   Code   RO         1187    i.Chip_UART_SetBaud  uart_11xx.o
    0x00000d9a   0x00000d9a   0x00000006   Code   RO         1189    i.Chip_UART_SetDivisorLatches  uart_11xx.o
    0x00000da0   0x00000da0   0x00000324   Code   RO         1719    i.MSD_GetCardInfo   spi_msd_driver.o
    0x000010c4   0x000010c4   0x000004d8   Code   RO         1720    i.MSD_Init          spi_msd_driver.o
    0x0000159c   0x0000159c   0x0000007c   Code   RO         1721    i.MSD_ReadMultiBlock  spi_msd_driver.o
    0x00001618   0x00001618   0x00000044   Code   RO         1722    i.MSD_ReadSingleBlock  spi_msd_driver.o
    0x0000165c   0x0000165c   0x00000014   Code   RO         1723    i.MSD_SPIHighSpeed  spi_msd_driver.o
    0x00001670   0x00001670   0x00000138   Code   RO         1724    i.MSD_WriteMultiBlock  spi_msd_driver.o
    0x000017a8   0x000017a8   0x000000cc   Code   RO         1725    i.MSD_WriteSingleBlock  spi_msd_driver.o
    0x00001874   0x00001874   0x0000010c   Code   RO            5    i.Open_Periphericals  main.o
    0x00001980   0x00001980   0x00000078   Code   RO            6    i.SD_TotalSize      main.o
    0x000019f8   0x000019f8   0x00000030   Code   RO         1726    i.SPI_Transmit      spi_msd_driver.o
    0x00001a28   0x00001a28   0x00000010   Code   RO          399    i.SystemCoreClockUpdate  chip_11xx.o
    0x00001a38   0x00001a38   0x00000008   Code   RO          172    i.SystemInit        sysinit.o
    0x00001a40   0x00001a40   0x0000001c   Code   RO          779    i.__ARM_common_switch8  i2c_11xx.o
    0x00001a5c   0x00001a5c   0x00000018   Code   RO            7    i.__delay_ms        main.o
    0x00001a74   0x00001a74   0x0000000e   Code   RO         1869    i._is_digit         c_p.l(__printf_wp.o)
    0x00001a82   0x00001a82   0x00000082   Code   RO         1727    i._read_buffer      spi_msd_driver.o
    0x00001b04   0x00001b04   0x00000072   Code   RO         1728    i._send_command     spi_msd_driver.o
    0x00001b76   0x00001b76   0x00000062   Code   RO         1729    i._send_command_hold  spi_msd_driver.o
    0x00001bd8   0x00001bd8   0x00000010   Code   RO         1730    i._spi_read_write   spi_msd_driver.o
    0x00001be8   0x00001be8   0x00000004   Code   RO          846    i._sys_exit         retarget.o
    0x00001bec   0x00001bec   0x00000084   Code   RO         1395    i.check_fs          ff.o
    0x00001c70   0x00001c70   0x00000016   Code   RO         1396    i.chk_chr           ff.o
    0x00001c86   0x00001c86   0x0000001a   Code   RO         1397    i.clst2sect         ff.o
    0x00001ca0   0x00001ca0   0x00000128   Code   RO         1398    i.create_chain      ff.o
    0x00001dc8   0x00001dc8   0x00000110   Code   RO         1399    i.create_name       ff.o
    0x00001ed8   0x00001ed8   0x00000034   Code   RO         1400    i.dbc_1st           ff.o
    0x00001f0c   0x00001f0c   0x00000048   Code   RO         1401    i.dbc_2nd           ff.o
    0x00001f54   0x00001f54   0x00000062   Code   RO         1402    i.dir_alloc         ff.o
    0x00001fb6   0x00001fb6   0x00000064   Code   RO         1403    i.dir_clear         ff.o
    0x0000201a   0x0000201a   0x00000072   Code   RO         1404    i.dir_find          ff.o
    0x0000208c   0x0000208c   0x000000d2   Code   RO         1405    i.dir_next          ff.o
    0x0000215e   0x0000215e   0x00000040   Code   RO         1407    i.dir_register      ff.o
    0x0000219e   0x0000219e   0x000000a6   Code   RO         1409    i.dir_sdi           ff.o
    0x00002244   0x00002244   0x0000002e   Code   RO         1335    i.disk_initialize   diskio.o
    0x00002272   0x00002272   0x00000002   PAD
    0x00002274   0x00002274   0x00000068   Code   RO         1336    i.disk_ioctl        diskio.o
    0x000022dc   0x000022dc   0x00000056   Code   RO         1337    i.disk_read         diskio.o
    0x00002332   0x00002332   0x00000024   Code   RO         1338    i.disk_status       diskio.o
    0x00002356   0x00002356   0x00000050   Code   RO         1339    i.disk_write        diskio.o
    0x000023a6   0x000023a6   0x00000024   Code   RO         1410    i.f_close           ff.o
    0x000023ca   0x000023ca   0x000000fa   Code   RO         1412    i.f_getfree         ff.o
    0x000024c4   0x000024c4   0x0000005c   Code   RO         1415    i.f_mount           ff.o
    0x00002520   0x00002520   0x00000218   Code   RO         1416    i.f_open            ff.o
    0x00002738   0x00002738   0x000000a6   Code   RO         1422    i.f_sync            ff.o
    0x000027de   0x000027de   0x00000214   Code   RO         1425    i.f_write           ff.o
    0x000029f2   0x000029f2   0x00000008   Code   RO          848    i.ferror            retarget.o
    0x000029fa   0x000029fa   0x00000002   PAD
    0x000029fc   0x000029fc   0x0000035c   Code   RO         1426    i.find_volume       ff.o
    0x00002d58   0x00002d58   0x000000a6   Code   RO         1427    i.follow_path       ff.o
    0x00002dfe   0x00002dfe   0x00000002   PAD
    0x00002e00   0x00002e00   0x00000014   Code   RO          850    i.fputc             retarget.o
    0x00002e14   0x00002e14   0x00000036   Code   RO          296    i.getClkDiv         adc_11xx.o
    0x00002e4a   0x00002e4a   0x000000e2   Code   RO         1428    i.get_fat           ff.o
    0x00002f2c   0x00002f2c   0x00000004   Code   RO         1340    i.get_fattime       diskio.o
    0x00002f30   0x00002f30   0x0000004e   Code   RO         1430    i.get_ldnumber      ff.o
    0x00002f7e   0x00002f7e   0x00000026   Code   RO         1431    i.ld_clust          ff.o
    0x00002fa4   0x00002fa4   0x0000001e   Code   RO         1432    i.ld_dword          ff.o
    0x00002fc2   0x00002fc2   0x0000000e   Code   RO         1433    i.ld_word           ff.o
    0x00002fd0   0x00002fd0   0x00000270   Code   RO            8    i.main              main.o
    0x00003240   0x00003240   0x00000020   Code   RO         1434    i.mem_cmp           ff.o
    0x00003260   0x00003260   0x0000001c   Code   RO         1435    i.mem_cpy           ff.o
    0x0000327c   0x0000327c   0x00000012   Code   RO         1436    i.mem_set           ff.o
    0x0000328e   0x0000328e   0x00000036   Code   RO         1437    i.move_window       ff.o
    0x000032c4   0x000032c4   0x00000136   Code   RO         1438    i.put_fat           ff.o
    0x000033fa   0x000033fa   0x0000001e   Code   RO          297    i.readAdcVal        adc_11xx.o
    0x00003418   0x00003418   0x0000009e   Code   RO         1439    i.remove_chain      ff.o
    0x000034b6   0x000034b6   0x00000014   Code   RO          298    i.setStartMode      adc_11xx.o
    0x000034ca   0x000034ca   0x00000024   Code   RO         1440    i.st_clust          ff.o
    0x000034ee   0x000034ee   0x00000018   Code   RO         1441    i.st_dword          ff.o
    0x00003506   0x00003506   0x0000000c   Code   RO         1442    i.st_word           ff.o
    0x00003512   0x00003512   0x00000002   PAD
    0x00003514   0x00003514   0x000000a4   Code   RO         1443    i.sync_fs           ff.o
    0x000035b8   0x000035b8   0x0000004c   Code   RO         1444    i.sync_window       ff.o
    0x00003604   0x00003604   0x00000046   Code   RO         1445    i.validate          ff.o
    0x0000364a   0x0000364a   0x00000002   PAD
    0x0000364c   0x0000364c   0x00000004   Data   RO          173    .constdata          sysinit.o
    0x00003650   0x00003650   0x00000040   Data   RO          438    .constdata          clock_11xx.o
    0x00003690   0x00003690   0x0000000a   Data   RO         1446    .constdata          ff.o
    0x0000369a   0x0000369a   0x00000028   Data   RO         1842    .constdata          c_p.l(_printf_hex_int.o)
    0x000036c2   0x000036c2   0x00000011   Data   RO         1872    .constdata          c_p.l(__printf_flags_wp.o)
    0x000036d3   0x000036d3   0x00000001   PAD
    0x000036d4   0x000036d4   0x00000020   Data   RO         2071    Region$$Table       anon$$obj.o


    Execution Region ER_RW (Exec base: 0x10000000, Load base: 0x000036f4, Size: 0x00000220, Max: 0xffffffff, ABSOLUTE, COMPRESSED[0x0000000c])

    Exec Addr    Load Addr    Size         Type   Attr      Idx    E Section Name        Object

    0x10000000   COMPRESSED   0x0000020c   Data   RW           10    .data               main.o
    0x1000020c   COMPRESSED   0x00000004   Data   RW          400    .data               chip_11xx.o
    0x10000210   COMPRESSED   0x00000008   Data   RW          851    .data               retarget.o
    0x10000218   COMPRESSED   0x00000006   Data   RW         1447    .data               ff.o


    Execution Region ER_ZI (Exec base: 0x10000220, Load base: 0x00003700, Size: 0x00000848, Max: 0xffffffff, ABSOLUTE)

    Exec Addr    Load Addr    Size         Type   Attr      Idx    E Section Name        Object

    0x10000220        -       0x0000048a   Zero   RW            9    .bss                main.o
    0x100006aa   0x00003700   0x00000002   PAD
    0x100006ac        -       0x00000058   Zero   RW         1731    .bss                spi_msd_driver.o
    0x10000704        -       0x00000060   Zero   RW         1950    .bss                c_p.l(libspace.o)
    0x10000764   0x00003700   0x00000004   PAD
    0x10000768        -       0x00000100   Zero   RW          161    HEAP                keil_startup_lpc11xx.o
    0x10000868        -       0x00000200   Zero   RW          160    STACK               keil_startup_lpc11xx.o


==============================================================================

Image component sizes


      Code (inc. data)   RO Data    RW Data    ZI Data      Debug   Object Name

       400          8          0          0          0       9776   adc_11xx.o
        16          4          0          4          0        930   chip_11xx.o
       282         44         64          0          0       9756   clock_11xx.o
       356         24          0          0          0       7919   diskio.o
      5630         96         10          6          0      44244   ff.o
        28          6          0          0          0       4121   gpio_11xx_2.o
        28          0          0          0          0         76   i2c_11xx.o
        72         32        192          0        768       1316   keil_startup_lpc11xx.o
      1066        398          0        524       1162      25662   main.o
        32          4          0          8          0       3987   retarget.o
      3216        588          0          0         88      16880   spi_msd_driver.o
       382         34          0          0          0      17322   ssp_11xx.o
        60         12          0          0          0       1314   sysctl_11xx.o
         8          0          4          0          0       1389   sysinit.o
       148         10          0          0          0       4738   sysinit_11xx.o
       240          4          0          0          0      15667   uart_11xx.o

    ----------------------------------------------------------------------
     11980       1264        302        544       2020     165097   Object Totals
         0          0         32          0          0          0   (incl. Generated)
        16          0          0          2          2          0   (incl. Padding)

    ----------------------------------------------------------------------

      Code (inc. data)   RO Data    RW Data    ZI Data      Debug   Library Member Name

        58          0          0          0          0          0   __dczerorl.o
         8          0          0          0          0         68   __main.o
       312          6         17          0          0         76   __printf_flags_wp.o
        14          0          0          0          0         60   __printf_wp.o
         0          0          0          0          0          0   __rtentry.o
        12          0          0          0          0          0   __rtentry2.o
         6          0          0          0          0          0   __rtentry4.o
        60          8          0          0          0          0   __scatter.o
        28          0          0          0          0          0   __scatter_zi.o
        48          6          0          0          0         88   _printf_char_common.o
        40          6          0          0          0         72   _printf_char_file.o
        10          0          0          0          0          0   _printf_d.o
       108         18          0          0          0         76   _printf_dec.o
        88          4         40          0          0         72   _printf_hex_int.o
       176          0          0          0          0         84   _printf_intcommon.o
        78          0          0          0          0        100   _printf_pad.o
         2          0          0          0          0          0   _printf_percent.o
         4          0          0          0          0          0   _printf_percent_end.o
        10          0          0          0          0          0   _printf_u.o
        10          0          0          0          0          0   _printf_x.o
        10          0          0          0          0         60   _sputc.o
       346          0          0          0          0         92   aeabi_sdiv.o
        16          0          0          0          0         68   exit.o
         6          0          0          0          0        136   heapauxi.o
         2          0          0          0          0          0   libinit.o
         2          0          0          0          0          0   libinit2.o
         2          0          0          0          0          0   libshutdown.o
         2          0          0          0          0          0   libshutdown2.o
         8          4          0          0         96         68   libspace.o
        28          6          0          0          0         84   noretval__2printf.o
        40          4          0          0          0         84   noretval__2sprintf.o
         2          0          0          0          0          0   rtexit.o
        10          0          0          0          0          0   rtexit2.o
        40          0          0          0          0         60   rtudiv10.o
        68          6          0          0          0         72   strlen.o
        62          0          0          0          0         80   sys_stackheap_outer.o
         2          0          0          0          0         68   use_no_semi.o

    ----------------------------------------------------------------------
      1728         68         58          0        100       1568   Library Totals
        10          0          1          0          4          0   (incl. Padding)

    ----------------------------------------------------------------------

      Code (inc. data)   RO Data    RW Data    ZI Data      Debug   Library Name

      1718         68         57          0         96       1568   c_p.l

    ----------------------------------------------------------------------
      1728         68         58          0        100       1568   Library Totals

    ----------------------------------------------------------------------

==============================================================================


      Code (inc. data)   RO Data    RW Data    ZI Data      Debug   

     13708       1332        360        544       2120     161377   Grand Totals
     13708       1332        360         12       2120     161377   ELF Image Totals (compressed)
     13708       1332        360         12          0          0   ROM Totals

==============================================================================

    Total RO  Size (Code + RO Data)                14068 (  13.74kB)
    Total RW  Size (RW Data + ZI Data)              2664 (   2.60kB)
    Total ROM Size (Code + RO Data + RW Data)      14080 (  13.75kB)

==============================================================================

